Analysis & Synthesis report for Lab2
Thu Feb 27 17:56:55 2025
Quartus Prime Version 23.1std.1 Build 993 05/14/2024 SC Lite Edition


---------------------
; Table of Contents ;
---------------------
  1. Legal Notice
  2. Analysis & Synthesis Summary
  3. Analysis & Synthesis Settings
  4. Parallel Compilation
  5. Analysis & Synthesis Source Files Read
  6. Analysis & Synthesis Resource Usage Summary
  7. Analysis & Synthesis Resource Utilization by Entity
  8. Analysis & Synthesis DSP Block Usage Summary
  9. State Machine - |DE10_LITE_Golden_Top|pwm_modulated_sine:comb_3|current_state
 10. Registers Removed During Synthesis
 11. General Register Statistics
 12. Inverted Register Statistics
 13. Multiplexer Restructuring Statistics (Restructuring Performed)
 14. Parameter Settings for Inferred Entity Instance: pwm_modulated_sine:comb_3|lpm_divide:Div0
 15. Parameter Settings for Inferred Entity Instance: pwm_modulated_sine:comb_3|lpm_divide:Div2
 16. Parameter Settings for Inferred Entity Instance: pwm_modulated_sine:comb_3|lpm_mult:Mult0
 17. lpm_mult Parameter Settings by Entity Instance
 18. Post-Synthesis Netlist Statistics for Top Partition
 19. Elapsed Time Per Partition
 20. Analysis & Synthesis Messages



----------------
; Legal Notice ;
----------------
Copyright (C) 2024  Intel Corporation. All rights reserved.
Your use of Intel Corporation's design tools, logic functions 
and other software and tools, and any partner logic 
functions, and any output files from any of the foregoing 
(including device programming or simulation files), and any 
associated documentation or information are expressly subject 
to the terms and conditions of the Intel Program License 
Subscription Agreement, the Intel Quartus Prime License Agreement,
the Intel FPGA IP License Agreement, or other applicable license
agreement, including, without limitation, that your use is for
the sole purpose of programming logic devices manufactured by
Intel and sold by Intel or its authorized distributors.  Please
refer to the applicable agreement for further details, at
https://fpgasoftware.intel.com/eula.



+-------------------------------------------------------------------------------------+
; Analysis & Synthesis Summary                                                        ;
+------------------------------------+------------------------------------------------+
; Analysis & Synthesis Status        ; Successful - Thu Feb 27 17:56:54 2025          ;
; Quartus Prime Version              ; 23.1std.1 Build 993 05/14/2024 SC Lite Edition ;
; Revision Name                      ; Lab2                                           ;
; Top-level Entity Name              ; DE10_LITE_Golden_Top                           ;
; Family                             ; MAX 10                                         ;
; Total logic elements               ; 2,655                                          ;
;     Total combinational functions  ; 2,631                                          ;
;     Dedicated logic registers      ; 232                                            ;
; Total registers                    ; 232                                            ;
; Total pins                         ; 185                                            ;
; Total virtual pins                 ; 0                                              ;
; Total memory bits                  ; 0                                              ;
; Embedded Multiplier 9-bit elements ; 2                                              ;
; Total PLLs                         ; 0                                              ;
; UFM blocks                         ; 0                                              ;
; ADC blocks                         ; 0                                              ;
+------------------------------------+------------------------------------------------+


+--------------------------------------------------------------------------------------------------------------+
; Analysis & Synthesis Settings                                                                                ;
+------------------------------------------------------------------+----------------------+--------------------+
; Option                                                           ; Setting              ; Default Value      ;
+------------------------------------------------------------------+----------------------+--------------------+
; Device                                                           ; 10M50DAF484C6GES     ;                    ;
; Top-level entity name                                            ; DE10_LITE_Golden_Top ; Lab2               ;
; Family name                                                      ; MAX 10               ; Cyclone V          ;
; Use smart compilation                                            ; Off                  ; Off                ;
; Enable parallel Assembler and Timing Analyzer during compilation ; On                   ; On                 ;
; Enable compact report table                                      ; Off                  ; Off                ;
; Restructure Multiplexers                                         ; Auto                 ; Auto               ;
; Create Debugging Nodes for IP Cores                              ; Off                  ; Off                ;
; Preserve fewer node names                                        ; On                   ; On                 ;
; Intel FPGA IP Evaluation Mode                                    ; Enable               ; Enable             ;
; Verilog Version                                                  ; Verilog_2001         ; Verilog_2001       ;
; VHDL Version                                                     ; VHDL_1993            ; VHDL_1993          ;
; State Machine Processing                                         ; Auto                 ; Auto               ;
; Safe State Machine                                               ; Off                  ; Off                ;
; Extract Verilog State Machines                                   ; On                   ; On                 ;
; Extract VHDL State Machines                                      ; On                   ; On                 ;
; Ignore Verilog initial constructs                                ; Off                  ; Off                ;
; Iteration limit for constant Verilog loops                       ; 5000                 ; 5000               ;
; Iteration limit for non-constant Verilog loops                   ; 250                  ; 250                ;
; Add Pass-Through Logic to Inferred RAMs                          ; On                   ; On                 ;
; Infer RAMs from Raw Logic                                        ; On                   ; On                 ;
; Parallel Synthesis                                               ; On                   ; On                 ;
; DSP Block Balancing                                              ; Auto                 ; Auto               ;
; NOT Gate Push-Back                                               ; On                   ; On                 ;
; Power-Up Don't Care                                              ; On                   ; On                 ;
; Remove Redundant Logic Cells                                     ; Off                  ; Off                ;
; Remove Duplicate Registers                                       ; On                   ; On                 ;
; Ignore CARRY Buffers                                             ; Off                  ; Off                ;
; Ignore CASCADE Buffers                                           ; Off                  ; Off                ;
; Ignore GLOBAL Buffers                                            ; Off                  ; Off                ;
; Ignore ROW GLOBAL Buffers                                        ; Off                  ; Off                ;
; Ignore LCELL Buffers                                             ; Off                  ; Off                ;
; Ignore SOFT Buffers                                              ; On                   ; On                 ;
; Limit AHDL Integers to 32 Bits                                   ; Off                  ; Off                ;
; Optimization Technique                                           ; Balanced             ; Balanced           ;
; Carry Chain Length                                               ; 70                   ; 70                 ;
; Auto Carry Chains                                                ; On                   ; On                 ;
; Auto Open-Drain Pins                                             ; On                   ; On                 ;
; Perform WYSIWYG Primitive Resynthesis                            ; Off                  ; Off                ;
; Auto ROM Replacement                                             ; On                   ; On                 ;
; Auto RAM Replacement                                             ; On                   ; On                 ;
; Auto DSP Block Replacement                                       ; On                   ; On                 ;
; Auto Shift Register Replacement                                  ; Auto                 ; Auto               ;
; Allow Shift Register Merging across Hierarchies                  ; Auto                 ; Auto               ;
; Auto Clock Enable Replacement                                    ; On                   ; On                 ;
; Strict RAM Replacement                                           ; Off                  ; Off                ;
; Allow Synchronous Control Signals                                ; On                   ; On                 ;
; Force Use of Synchronous Clear Signals                           ; Off                  ; Off                ;
; Auto RAM Block Balancing                                         ; On                   ; On                 ;
; Auto RAM to Logic Cell Conversion                                ; Off                  ; Off                ;
; Auto Resource Sharing                                            ; Off                  ; Off                ;
; Allow Any RAM Size For Recognition                               ; Off                  ; Off                ;
; Allow Any ROM Size For Recognition                               ; Off                  ; Off                ;
; Allow Any Shift Register Size For Recognition                    ; Off                  ; Off                ;
; Use LogicLock Constraints during Resource Balancing              ; On                   ; On                 ;
; Ignore translate_off and synthesis_off directives                ; Off                  ; Off                ;
; Timing-Driven Synthesis                                          ; On                   ; On                 ;
; Report Parameter Settings                                        ; On                   ; On                 ;
; Report Source Assignments                                        ; On                   ; On                 ;
; Report Connectivity Checks                                       ; On                   ; On                 ;
; Ignore Maximum Fan-Out Assignments                               ; Off                  ; Off                ;
; Synchronization Register Chain Length                            ; 2                    ; 2                  ;
; Power Optimization During Synthesis                              ; Normal compilation   ; Normal compilation ;
; HDL message level                                                ; Level2               ; Level2             ;
; Suppress Register Optimization Related Messages                  ; Off                  ; Off                ;
; Number of Removed Registers Reported in Synthesis Report         ; 5000                 ; 5000               ;
; Number of Swept Nodes Reported in Synthesis Report               ; 5000                 ; 5000               ;
; Number of Inverted Registers Reported in Synthesis Report        ; 100                  ; 100                ;
; Clock MUX Protection                                             ; On                   ; On                 ;
; Auto Gated Clock Conversion                                      ; Off                  ; Off                ;
; Block Design Naming                                              ; Auto                 ; Auto               ;
; SDC constraint protection                                        ; Off                  ; Off                ;
; Synthesis Effort                                                 ; Auto                 ; Auto               ;
; Shift Register Replacement - Allow Asynchronous Clear Signal     ; On                   ; On                 ;
; Pre-Mapping Resynthesis Optimization                             ; Off                  ; Off                ;
; Analysis & Synthesis Message Level                               ; Medium               ; Medium             ;
; Disable Register Merging Across Hierarchies                      ; Auto                 ; Auto               ;
; Resource Aware Inference For Block RAM                           ; On                   ; On                 ;
+------------------------------------------------------------------+----------------------+--------------------+


+------------------------------------------+
; Parallel Compilation                     ;
+----------------------------+-------------+
; Processors                 ; Number      ;
+----------------------------+-------------+
; Number detected on machine ; 8           ;
; Maximum allowed            ; 4           ;
;                            ;             ;
; Average used               ; 1.00        ;
; Maximum used               ; 4           ;
;                            ;             ;
; Usage by Processor         ; % Time Used ;
;     Processor 1            ; 100.0%      ;
;     Processor 2            ;   0.1%      ;
;     Processor 3            ;   0.1%      ;
;     Processor 4            ;   0.1%      ;
+----------------------------+-------------+


+----------------------------------------------------------------------------------------------------------------------------------------------------------------------------------------+
; Analysis & Synthesis Source Files Read                                                                                                                                                 ;
+----------------------------------+-----------------+------------------------------+------------------------------------------------------------------------------------------+---------+
; File Name with User-Entered Path ; Used in Netlist ; File Type                    ; File Name with Absolute Path                                                             ; Library ;
+----------------------------------+-----------------+------------------------------+------------------------------------------------------------------------------------------+---------+
; DE10_LITE_Golden_Top.v           ; yes             ; User Verilog HDL File        ; C:/Users/goeva/Downloads/University/EECS3216/Labs/Navid Lab 2/DE10_LITE_Golden_Top.v     ;         ;
; pwm_modulated_sine.sv            ; yes             ; User SystemVerilog HDL File  ; C:/Users/goeva/Downloads/University/EECS3216/Labs/Navid Lab 2/pwm_modulated_sine.sv      ;         ;
; lpm_divide.tdf                   ; yes             ; Megafunction                 ; c:/intelfpga_lite/23.1std/quartus/libraries/megafunctions/lpm_divide.tdf                 ;         ;
; abs_divider.inc                  ; yes             ; Megafunction                 ; c:/intelfpga_lite/23.1std/quartus/libraries/megafunctions/abs_divider.inc                ;         ;
; sign_div_unsign.inc              ; yes             ; Megafunction                 ; c:/intelfpga_lite/23.1std/quartus/libraries/megafunctions/sign_div_unsign.inc            ;         ;
; aglobal231.inc                   ; yes             ; Megafunction                 ; c:/intelfpga_lite/23.1std/quartus/libraries/megafunctions/aglobal231.inc                 ;         ;
; db/lpm_divide_avl.tdf            ; yes             ; Auto-Generated Megafunction  ; C:/Users/goeva/Downloads/University/EECS3216/Labs/Navid Lab 2/db/lpm_divide_avl.tdf      ;         ;
; db/sign_div_unsign_9nh.tdf       ; yes             ; Auto-Generated Megafunction  ; C:/Users/goeva/Downloads/University/EECS3216/Labs/Navid Lab 2/db/sign_div_unsign_9nh.tdf ;         ;
; db/alt_u_div_ske.tdf             ; yes             ; Auto-Generated Megafunction  ; C:/Users/goeva/Downloads/University/EECS3216/Labs/Navid Lab 2/db/alt_u_div_ske.tdf       ;         ;
; db/add_sub_t3c.tdf               ; yes             ; Auto-Generated Megafunction  ; C:/Users/goeva/Downloads/University/EECS3216/Labs/Navid Lab 2/db/add_sub_t3c.tdf         ;         ;
; db/add_sub_u3c.tdf               ; yes             ; Auto-Generated Megafunction  ; C:/Users/goeva/Downloads/University/EECS3216/Labs/Navid Lab 2/db/add_sub_u3c.tdf         ;         ;
; lpm_mult.tdf                     ; yes             ; Megafunction                 ; c:/intelfpga_lite/23.1std/quartus/libraries/megafunctions/lpm_mult.tdf                   ;         ;
; lpm_add_sub.inc                  ; yes             ; Megafunction                 ; c:/intelfpga_lite/23.1std/quartus/libraries/megafunctions/lpm_add_sub.inc                ;         ;
; multcore.inc                     ; yes             ; Megafunction                 ; c:/intelfpga_lite/23.1std/quartus/libraries/megafunctions/multcore.inc                   ;         ;
; bypassff.inc                     ; yes             ; Megafunction                 ; c:/intelfpga_lite/23.1std/quartus/libraries/megafunctions/bypassff.inc                   ;         ;
; altshift.inc                     ; yes             ; Megafunction                 ; c:/intelfpga_lite/23.1std/quartus/libraries/megafunctions/altshift.inc                   ;         ;
; db/mult_tns.tdf                  ; yes             ; Auto-Generated Megafunction  ; C:/Users/goeva/Downloads/University/EECS3216/Labs/Navid Lab 2/db/mult_tns.tdf            ;         ;
+----------------------------------+-----------------+------------------------------+------------------------------------------------------------------------------------------+---------+


+-------------------------------------------------------------------+
; Analysis & Synthesis Resource Usage Summary                       ;
+---------------------------------------------+---------------------+
; Resource                                    ; Usage               ;
+---------------------------------------------+---------------------+
; Estimated Total logic elements              ; 2,655               ;
;                                             ;                     ;
; Total combinational functions               ; 2631                ;
; Logic element usage by number of LUT inputs ;                     ;
;     -- 4 input functions                    ; 1241                ;
;     -- 3 input functions                    ; 1103                ;
;     -- <=2 input functions                  ; 287                 ;
;                                             ;                     ;
; Logic elements by mode                      ;                     ;
;     -- normal mode                          ; 1544                ;
;     -- arithmetic mode                      ; 1087                ;
;                                             ;                     ;
; Total registers                             ; 232                 ;
;     -- Dedicated logic registers            ; 232                 ;
;     -- I/O registers                        ; 0                   ;
;                                             ;                     ;
; I/O pins                                    ; 185                 ;
;                                             ;                     ;
; Embedded Multiplier 9-bit elements          ; 2                   ;
;                                             ;                     ;
; Maximum fan-out node                        ; MAX10_CLK1_50~input ;
; Maximum fan-out                             ; 232                 ;
; Total fan-out                               ; 9827                ;
; Average fan-out                             ; 2.97                ;
+---------------------------------------------+---------------------+


+----------------------------------------------------------------------------------------------------------------------------------------------------------------------------------------------------------------------------------------------------------------------------------------------------------------------------------------------------------------------------------------+
; Analysis & Synthesis Resource Utilization by Entity                                                                                                                                                                                                                                                                                                                                    ;
+-------------------------------------------+---------------------+---------------------------+-------------+------------+--------------+---------+-----------+------+--------------+------------+-------------------------------------------------------------------------------------------------------------------------------------------------+----------------------+--------------+
; Compilation Hierarchy Node                ; Combinational ALUTs ; Dedicated Logic Registers ; Memory Bits ; UFM Blocks ; DSP Elements ; DSP 9x9 ; DSP 18x18 ; Pins ; Virtual Pins ; ADC blocks ; Full Hierarchy Name                                                                                                                             ; Entity Name          ; Library Name ;
+-------------------------------------------+---------------------+---------------------------+-------------+------------+--------------+---------+-----------+------+--------------+------------+-------------------------------------------------------------------------------------------------------------------------------------------------+----------------------+--------------+
; |DE10_LITE_Golden_Top                     ; 2631 (1)            ; 232 (0)                   ; 0           ; 0          ; 2            ; 0       ; 1         ; 185  ; 0            ; 0          ; |DE10_LITE_Golden_Top                                                                                                                           ; DE10_LITE_Golden_Top ; work         ;
;    |pwm_modulated_sine:comb_3|            ; 2630 (686)          ; 232 (182)                 ; 0           ; 0          ; 2            ; 0       ; 1         ; 0    ; 0            ; 0          ; |DE10_LITE_Golden_Top|pwm_modulated_sine:comb_3                                                                                                 ; pwm_modulated_sine   ; work         ;
;       |button_debounce:deb0|              ; 33 (33)             ; 25 (25)                   ; 0           ; 0          ; 0            ; 0       ; 0         ; 0    ; 0            ; 0          ; |DE10_LITE_Golden_Top|pwm_modulated_sine:comb_3|button_debounce:deb0                                                                            ; button_debounce      ; work         ;
;       |button_debounce:deb1|              ; 33 (33)             ; 25 (25)                   ; 0           ; 0          ; 0            ; 0       ; 0         ; 0    ; 0            ; 0          ; |DE10_LITE_Golden_Top|pwm_modulated_sine:comb_3|button_debounce:deb1                                                                            ; button_debounce      ; work         ;
;       |lpm_divide:Div0|                   ; 970 (0)             ; 0 (0)                     ; 0           ; 0          ; 0            ; 0       ; 0         ; 0    ; 0            ; 0          ; |DE10_LITE_Golden_Top|pwm_modulated_sine:comb_3|lpm_divide:Div0                                                                                 ; lpm_divide           ; work         ;
;          |lpm_divide_avl:auto_generated|  ; 970 (0)             ; 0 (0)                     ; 0           ; 0          ; 0            ; 0       ; 0         ; 0    ; 0            ; 0          ; |DE10_LITE_Golden_Top|pwm_modulated_sine:comb_3|lpm_divide:Div0|lpm_divide_avl:auto_generated                                                   ; lpm_divide_avl       ; work         ;
;             |sign_div_unsign_9nh:divider| ; 970 (0)             ; 0 (0)                     ; 0           ; 0          ; 0            ; 0       ; 0         ; 0    ; 0            ; 0          ; |DE10_LITE_Golden_Top|pwm_modulated_sine:comb_3|lpm_divide:Div0|lpm_divide_avl:auto_generated|sign_div_unsign_9nh:divider                       ; sign_div_unsign_9nh  ; work         ;
;                |alt_u_div_ske:divider|    ; 970 (970)           ; 0 (0)                     ; 0           ; 0          ; 0            ; 0       ; 0         ; 0    ; 0            ; 0          ; |DE10_LITE_Golden_Top|pwm_modulated_sine:comb_3|lpm_divide:Div0|lpm_divide_avl:auto_generated|sign_div_unsign_9nh:divider|alt_u_div_ske:divider ; alt_u_div_ske        ; work         ;
;       |lpm_divide:Div2|                   ; 908 (0)             ; 0 (0)                     ; 0           ; 0          ; 0            ; 0       ; 0         ; 0    ; 0            ; 0          ; |DE10_LITE_Golden_Top|pwm_modulated_sine:comb_3|lpm_divide:Div2                                                                                 ; lpm_divide           ; work         ;
;          |lpm_divide_avl:auto_generated|  ; 908 (0)             ; 0 (0)                     ; 0           ; 0          ; 0            ; 0       ; 0         ; 0    ; 0            ; 0          ; |DE10_LITE_Golden_Top|pwm_modulated_sine:comb_3|lpm_divide:Div2|lpm_divide_avl:auto_generated                                                   ; lpm_divide_avl       ; work         ;
;             |sign_div_unsign_9nh:divider| ; 908 (0)             ; 0 (0)                     ; 0           ; 0          ; 0            ; 0       ; 0         ; 0    ; 0            ; 0          ; |DE10_LITE_Golden_Top|pwm_modulated_sine:comb_3|lpm_divide:Div2|lpm_divide_avl:auto_generated|sign_div_unsign_9nh:divider                       ; sign_div_unsign_9nh  ; work         ;
;                |alt_u_div_ske:divider|    ; 908 (908)           ; 0 (0)                     ; 0           ; 0          ; 0            ; 0       ; 0         ; 0    ; 0            ; 0          ; |DE10_LITE_Golden_Top|pwm_modulated_sine:comb_3|lpm_divide:Div2|lpm_divide_avl:auto_generated|sign_div_unsign_9nh:divider|alt_u_div_ske:divider ; alt_u_div_ske        ; work         ;
;       |lpm_mult:Mult0|                    ; 0 (0)               ; 0 (0)                     ; 0           ; 0          ; 2            ; 0       ; 1         ; 0    ; 0            ; 0          ; |DE10_LITE_Golden_Top|pwm_modulated_sine:comb_3|lpm_mult:Mult0                                                                                  ; lpm_mult             ; work         ;
;          |mult_tns:auto_generated|        ; 0 (0)               ; 0 (0)                     ; 0           ; 0          ; 2            ; 0       ; 1         ; 0    ; 0            ; 0          ; |DE10_LITE_Golden_Top|pwm_modulated_sine:comb_3|lpm_mult:Mult0|mult_tns:auto_generated                                                          ; mult_tns             ; work         ;
+-------------------------------------------+---------------------+---------------------------+-------------+------------+--------------+---------+-----------+------+--------------+------------+-------------------------------------------------------------------------------------------------------------------------------------------------+----------------------+--------------+
Note: For table entries with two numbers listed, the numbers in parentheses indicate the number of resources of the given type used by the specific entity alone. The numbers listed outside of parentheses indicate the total resources of the given type used by the specific entity and all of its sub-entities in the hierarchy.


+-----------------------------------------------------+
; Analysis & Synthesis DSP Block Usage Summary        ;
+---------------------------------------+-------------+
; Statistic                             ; Number Used ;
+---------------------------------------+-------------+
; Simple Multipliers (9-bit)            ; 0           ;
; Simple Multipliers (18-bit)           ; 1           ;
; Embedded Multiplier Blocks            ; --          ;
; Embedded Multiplier 9-bit elements    ; 2           ;
; Signed Embedded Multipliers           ; 0           ;
; Unsigned Embedded Multipliers         ; 1           ;
; Mixed Sign Embedded Multipliers       ; 0           ;
; Variable Sign Embedded Multipliers    ; 0           ;
; Dedicated Input Shift Register Chains ; 0           ;
+---------------------------------------+-------------+
Note: number of Embedded Multiplier Blocks used is only available after a successful fit.


Encoding Type:  One-Hot
+-------------------------------------------------------------------------------------------------+
; State Machine - |DE10_LITE_Golden_Top|pwm_modulated_sine:comb_3|current_state                   ;
+------------------------+-----------------------+------------------------+-----------------------+
; Name                   ; current_state.S_RESET ; current_state.S_UPDATE ; current_state.S_COUNT ;
+------------------------+-----------------------+------------------------+-----------------------+
; current_state.S_RESET  ; 0                     ; 0                      ; 0                     ;
; current_state.S_COUNT  ; 1                     ; 0                      ; 1                     ;
; current_state.S_UPDATE ; 1                     ; 1                      ; 0                     ;
+------------------------+-----------------------+------------------------+-----------------------+


+---------------------------------------------------------------------------------------------------------+
; Registers Removed During Synthesis                                                                      ;
+-------------------------------------------------+-------------------------------------------------------+
; Register name                                   ; Reason for Removal                                    ;
+-------------------------------------------------+-------------------------------------------------------+
; pwm_modulated_sine:comb_3|LEDR[1..9]            ; Stuck at GND due to stuck port data_in                ;
; pwm_modulated_sine:comb_3|freq[0,1]             ; Stuck at GND due to stuck port data_in                ;
; pwm_modulated_sine:comb_3|d0_compare[25..31]    ; Stuck at GND due to stuck port data_in                ;
; pwm_modulated_sine:comb_3|d1_compare[27..31]    ; Merged with pwm_modulated_sine:comb_3|d1_compare[26]  ;
; pwm_modulated_sine:comb_3|counter_max[27..31]   ; Merged with pwm_modulated_sine:comb_3|counter_max[26] ;
; pwm_modulated_sine:comb_3|d1_compare[26]        ; Stuck at GND due to stuck port data_in                ;
; pwm_modulated_sine:comb_3|d0_compare[1]         ; Merged with pwm_modulated_sine:comb_3|amplitude[0]    ;
; pwm_modulated_sine:comb_3|d0_compare[2]         ; Merged with pwm_modulated_sine:comb_3|amplitude[1]    ;
; pwm_modulated_sine:comb_3|d0_compare[3]         ; Merged with pwm_modulated_sine:comb_3|amplitude[2]    ;
; pwm_modulated_sine:comb_3|d0_compare[4]         ; Merged with pwm_modulated_sine:comb_3|amplitude[3]    ;
; pwm_modulated_sine:comb_3|d0_compare[5]         ; Merged with pwm_modulated_sine:comb_3|amplitude[4]    ;
; pwm_modulated_sine:comb_3|d0_compare[6]         ; Merged with pwm_modulated_sine:comb_3|amplitude[5]    ;
; pwm_modulated_sine:comb_3|d0_compare[7]         ; Merged with pwm_modulated_sine:comb_3|amplitude[6]    ;
; pwm_modulated_sine:comb_3|d0_compare[8]         ; Merged with pwm_modulated_sine:comb_3|amplitude[7]    ;
; pwm_modulated_sine:comb_3|d0_compare[9]         ; Merged with pwm_modulated_sine:comb_3|amplitude[8]    ;
; pwm_modulated_sine:comb_3|d0_compare[10]        ; Merged with pwm_modulated_sine:comb_3|amplitude[9]    ;
; pwm_modulated_sine:comb_3|d0_compare[11]        ; Merged with pwm_modulated_sine:comb_3|amplitude[10]   ;
; pwm_modulated_sine:comb_3|d0_compare[12]        ; Merged with pwm_modulated_sine:comb_3|amplitude[11]   ;
; pwm_modulated_sine:comb_3|d0_compare[13]        ; Merged with pwm_modulated_sine:comb_3|amplitude[12]   ;
; pwm_modulated_sine:comb_3|d0_compare[14]        ; Merged with pwm_modulated_sine:comb_3|amplitude[13]   ;
; pwm_modulated_sine:comb_3|d0_compare[15]        ; Merged with pwm_modulated_sine:comb_3|amplitude[14]   ;
; pwm_modulated_sine:comb_3|d0_compare[16]        ; Merged with pwm_modulated_sine:comb_3|amplitude[15]   ;
; pwm_modulated_sine:comb_3|current_state.S_RESET ; Lost fanout                                           ;
; Total Number of Removed Registers = 46          ;                                                       ;
+-------------------------------------------------+-------------------------------------------------------+


+------------------------------------------------------+
; General Register Statistics                          ;
+----------------------------------------------+-------+
; Statistic                                    ; Value ;
+----------------------------------------------+-------+
; Total registers                              ; 232   ;
; Number of registers using Synchronous Clear  ; 155   ;
; Number of registers using Synchronous Load   ; 7     ;
; Number of registers using Asynchronous Clear ; 54    ;
; Number of registers using Asynchronous Load  ; 0     ;
; Number of registers using Clock Enable       ; 144   ;
; Number of registers using Preset             ; 0     ;
+----------------------------------------------+-------+


+--------------------------------------------------+
; Inverted Register Statistics                     ;
+----------------------------------------+---------+
; Inverted Register                      ; Fan out ;
+----------------------------------------+---------+
; pwm_modulated_sine:comb_3|rst_ff2      ; 204     ;
; pwm_modulated_sine:comb_3|rst_ff1      ; 1       ;
; Total number of inverted registers = 2 ;         ;
+----------------------------------------+---------+


+------------------------------------------------------------------------------------------------------------------------------------------------------------------------------------------------+
; Multiplexer Restructuring Statistics (Restructuring Performed)                                                                                                                                 ;
+--------------------+-----------+---------------+----------------------+------------------------+------------+----------------------------------------------------------------------------------+
; Multiplexer Inputs ; Bus Width ; Baseline Area ; Area if Restructured ; Saving if Restructured ; Registered ; Example Multiplexer Output                                                       ;
+--------------------+-----------+---------------+----------------------+------------------------+------------+----------------------------------------------------------------------------------+
; 3:1                ; 47 bits   ; 94 LEs        ; 47 LEs               ; 47 LEs                 ; Yes        ; |DE10_LITE_Golden_Top|pwm_modulated_sine:comb_3|scaled[18]                       ;
; 3:1                ; 20 bits   ; 40 LEs        ; 20 LEs               ; 20 LEs                 ; Yes        ; |DE10_LITE_Golden_Top|pwm_modulated_sine:comb_3|button_debounce:deb0|counter[6]  ;
; 3:1                ; 20 bits   ; 40 LEs        ; 20 LEs               ; 20 LEs                 ; Yes        ; |DE10_LITE_Golden_Top|pwm_modulated_sine:comb_3|button_debounce:deb1|counter[11] ;
; 4:1                ; 32 bits   ; 64 LEs        ; 32 LEs               ; 32 LEs                 ; Yes        ; |DE10_LITE_Golden_Top|pwm_modulated_sine:comb_3|counter[4]                       ;
; 4:1                ; 6 bits    ; 12 LEs        ; 12 LEs               ; 0 LEs                  ; Yes        ; |DE10_LITE_Golden_Top|pwm_modulated_sine:comb_3|d1_compare[5]                    ;
; 4:1                ; 19 bits   ; 38 LEs        ; 38 LEs               ; 0 LEs                  ; Yes        ; |DE10_LITE_Golden_Top|pwm_modulated_sine:comb_3|d1_compare[11]                   ;
+--------------------+-----------+---------------+----------------------+------------------------+------------+----------------------------------------------------------------------------------+


+--------------------------------------------------------------------------------------------+
; Parameter Settings for Inferred Entity Instance: pwm_modulated_sine:comb_3|lpm_divide:Div0 ;
+------------------------+----------------+--------------------------------------------------+
; Parameter Name         ; Value          ; Type                                             ;
+------------------------+----------------+--------------------------------------------------+
; LPM_WIDTHN             ; 26             ; Untyped                                          ;
; LPM_WIDTHD             ; 32             ; Untyped                                          ;
; LPM_NREPRESENTATION    ; UNSIGNED       ; Untyped                                          ;
; LPM_DREPRESENTATION    ; UNSIGNED       ; Untyped                                          ;
; LPM_PIPELINE           ; 0              ; Untyped                                          ;
; LPM_REMAINDERPOSITIVE  ; TRUE           ; Untyped                                          ;
; MAXIMIZE_SPEED         ; 5              ; Untyped                                          ;
; CBXI_PARAMETER         ; lpm_divide_avl ; Untyped                                          ;
; CARRY_CHAIN            ; MANUAL         ; Untyped                                          ;
; OPTIMIZE_FOR_SPEED     ; 5              ; Untyped                                          ;
; AUTO_CARRY_CHAINS      ; ON             ; AUTO_CARRY                                       ;
; IGNORE_CARRY_BUFFERS   ; OFF            ; IGNORE_CARRY                                     ;
; AUTO_CASCADE_CHAINS    ; ON             ; AUTO_CASCADE                                     ;
; IGNORE_CASCADE_BUFFERS ; OFF            ; IGNORE_CASCADE                                   ;
+------------------------+----------------+--------------------------------------------------+
Note: In order to hide this table in the UI and the text report file, please set the "Show Parameter Settings in Synthesis Report" option in "Analysis and Synthesis Settings -> More Settings" to "Off".


+--------------------------------------------------------------------------------------------+
; Parameter Settings for Inferred Entity Instance: pwm_modulated_sine:comb_3|lpm_divide:Div2 ;
+------------------------+----------------+--------------------------------------------------+
; Parameter Name         ; Value          ; Type                                             ;
+------------------------+----------------+--------------------------------------------------+
; LPM_WIDTHN             ; 26             ; Untyped                                          ;
; LPM_WIDTHD             ; 32             ; Untyped                                          ;
; LPM_NREPRESENTATION    ; UNSIGNED       ; Untyped                                          ;
; LPM_DREPRESENTATION    ; UNSIGNED       ; Untyped                                          ;
; LPM_PIPELINE           ; 0              ; Untyped                                          ;
; LPM_REMAINDERPOSITIVE  ; TRUE           ; Untyped                                          ;
; MAXIMIZE_SPEED         ; 5              ; Untyped                                          ;
; CBXI_PARAMETER         ; lpm_divide_avl ; Untyped                                          ;
; CARRY_CHAIN            ; MANUAL         ; Untyped                                          ;
; OPTIMIZE_FOR_SPEED     ; 5              ; Untyped                                          ;
; AUTO_CARRY_CHAINS      ; ON             ; AUTO_CARRY                                       ;
; IGNORE_CARRY_BUFFERS   ; OFF            ; IGNORE_CARRY                                     ;
; AUTO_CASCADE_CHAINS    ; ON             ; AUTO_CASCADE                                     ;
; IGNORE_CASCADE_BUFFERS ; OFF            ; IGNORE_CASCADE                                   ;
+------------------------+----------------+--------------------------------------------------+
Note: In order to hide this table in the UI and the text report file, please set the "Show Parameter Settings in Synthesis Report" option in "Analysis and Synthesis Settings -> More Settings" to "Off".


+-------------------------------------------------------------------------------------------+
; Parameter Settings for Inferred Entity Instance: pwm_modulated_sine:comb_3|lpm_mult:Mult0 ;
+------------------------------------------------+----------+-------------------------------+
; Parameter Name                                 ; Value    ; Type                          ;
+------------------------------------------------+----------+-------------------------------+
; AUTO_CARRY_CHAINS                              ; ON       ; AUTO_CARRY                    ;
; IGNORE_CARRY_BUFFERS                           ; OFF      ; IGNORE_CARRY                  ;
; AUTO_CASCADE_CHAINS                            ; ON       ; AUTO_CASCADE                  ;
; IGNORE_CASCADE_BUFFERS                         ; OFF      ; IGNORE_CASCADE                ;
; LPM_WIDTHA                                     ; 16       ; Untyped                       ;
; LPM_WIDTHB                                     ; 16       ; Untyped                       ;
; LPM_WIDTHP                                     ; 32       ; Untyped                       ;
; LPM_WIDTHR                                     ; 32       ; Untyped                       ;
; LPM_WIDTHS                                     ; 1        ; Untyped                       ;
; LPM_REPRESENTATION                             ; UNSIGNED ; Untyped                       ;
; LPM_PIPELINE                                   ; 0        ; Untyped                       ;
; LATENCY                                        ; 0        ; Untyped                       ;
; INPUT_A_IS_CONSTANT                            ; NO       ; Untyped                       ;
; INPUT_B_IS_CONSTANT                            ; NO       ; Untyped                       ;
; USE_EAB                                        ; OFF      ; Untyped                       ;
; MAXIMIZE_SPEED                                 ; 6        ; Untyped                       ;
; DEVICE_FAMILY                                  ; MAX 10   ; Untyped                       ;
; CARRY_CHAIN                                    ; MANUAL   ; Untyped                       ;
; APEX20K_TECHNOLOGY_MAPPER                      ; LUT      ; TECH_MAPPER_APEX20K           ;
; DEDICATED_MULTIPLIER_CIRCUITRY                 ; AUTO     ; Untyped                       ;
; DEDICATED_MULTIPLIER_MIN_INPUT_WIDTH_FOR_AUTO  ; 0        ; Untyped                       ;
; DEDICATED_MULTIPLIER_MIN_OUTPUT_WIDTH_FOR_AUTO ; 0        ; Untyped                       ;
; CBXI_PARAMETER                                 ; mult_tns ; Untyped                       ;
; INPUT_A_FIXED_VALUE                            ; Bx       ; Untyped                       ;
; INPUT_B_FIXED_VALUE                            ; Bx       ; Untyped                       ;
; USE_AHDL_IMPLEMENTATION                        ; OFF      ; Untyped                       ;
+------------------------------------------------+----------+-------------------------------+
Note: In order to hide this table in the UI and the text report file, please set the "Show Parameter Settings in Synthesis Report" option in "Analysis and Synthesis Settings -> More Settings" to "Off".


+----------------------------------------------------------------------------------+
; lpm_mult Parameter Settings by Entity Instance                                   ;
+---------------------------------------+------------------------------------------+
; Name                                  ; Value                                    ;
+---------------------------------------+------------------------------------------+
; Number of entity instances            ; 1                                        ;
; Entity Instance                       ; pwm_modulated_sine:comb_3|lpm_mult:Mult0 ;
;     -- LPM_WIDTHA                     ; 16                                       ;
;     -- LPM_WIDTHB                     ; 16                                       ;
;     -- LPM_WIDTHP                     ; 32                                       ;
;     -- LPM_REPRESENTATION             ; UNSIGNED                                 ;
;     -- INPUT_A_IS_CONSTANT            ; NO                                       ;
;     -- INPUT_B_IS_CONSTANT            ; NO                                       ;
;     -- USE_EAB                        ; OFF                                      ;
;     -- DEDICATED_MULTIPLIER_CIRCUITRY ; AUTO                                     ;
;     -- INPUT_A_FIXED_VALUE            ; Bx                                       ;
;     -- INPUT_B_FIXED_VALUE            ; Bx                                       ;
+---------------------------------------+------------------------------------------+


+-----------------------------------------------------+
; Post-Synthesis Netlist Statistics for Top Partition ;
+-----------------------+-----------------------------+
; Type                  ; Count                       ;
+-----------------------+-----------------------------+
; boundary_port         ; 185                         ;
; cycloneiii_ff         ; 232                         ;
;     CLR               ; 12                          ;
;     CLR SCLR          ; 2                           ;
;     ENA               ; 30                          ;
;     ENA CLR SCLR      ; 40                          ;
;     ENA SCLR          ; 68                          ;
;     ENA SLD           ; 6                           ;
;     SCLR              ; 44                          ;
;     SCLR SLD          ; 1                           ;
;     plain             ; 29                          ;
; cycloneiii_io_obuf    ; 71                          ;
; cycloneiii_lcell_comb ; 2631                        ;
;     arith             ; 1087                        ;
;         2 data inputs ; 154                         ;
;         3 data inputs ; 933                         ;
;     normal            ; 1544                        ;
;         0 data inputs ; 60                          ;
;         1 data inputs ; 16                          ;
;         2 data inputs ; 57                          ;
;         3 data inputs ; 170                         ;
;         4 data inputs ; 1241                        ;
; cycloneiii_mac_mult   ; 1                           ;
; cycloneiii_mac_out    ; 1                           ;
;                       ;                             ;
; Max LUT depth         ; 118.80                      ;
; Average LUT depth     ; 85.18                       ;
+-----------------------+-----------------------------+


+-------------------------------+
; Elapsed Time Per Partition    ;
+----------------+--------------+
; Partition Name ; Elapsed Time ;
+----------------+--------------+
; Top            ; 00:00:10     ;
+----------------+--------------+


+-------------------------------+
; Analysis & Synthesis Messages ;
+-------------------------------+
Info: *******************************************************************
Info: Running Quartus Prime Analysis & Synthesis
    Info: Version 23.1std.1 Build 993 05/14/2024 SC Lite Edition
    Info: Processing started: Thu Feb 27 17:56:29 2025
Info: Command: quartus_map --read_settings_files=on --write_settings_files=off Lab2 -c Lab2
Info (125069): Default assignment values were changed in the current version of the Quartus Prime software -- changes to default assignments values are contained in file c:/intelfpga_lite/23.1std/quartus/bin64/assignment_defaults.qdf
Warning (18236): Number of processors has not been specified which may cause overloading on shared machines.  Set the global assignment NUM_PARALLEL_PROCESSORS in your QSF to an appropriate value for best performance.
Info (20030): Parallel compilation is enabled and will use 4 of the 4 processors detected
Info (12021): Found 1 design units, including 1 entities, in source file de10_lite_golden_top.v
    Info (12023): Found entity 1: DE10_LITE_Golden_Top File: C:/Users/goeva/Downloads/University/EECS3216/Labs/Navid Lab 2/DE10_LITE_Golden_Top.v Line: 29
Info (12021): Found 2 design units, including 2 entities, in source file pwm_modulated_sine.sv
    Info (12023): Found entity 1: pwm_modulated_sine File: C:/Users/goeva/Downloads/University/EECS3216/Labs/Navid Lab 2/pwm_modulated_sine.sv Line: 7
    Info (12023): Found entity 2: button_debounce File: C:/Users/goeva/Downloads/University/EECS3216/Labs/Navid Lab 2/pwm_modulated_sine.sv Line: 241
Warning (10236): Verilog HDL Implicit Net warning at pwm_modulated_sine.sv(34): created implicit net for "rst_sync" File: C:/Users/goeva/Downloads/University/EECS3216/Labs/Navid Lab 2/pwm_modulated_sine.sv Line: 34
Critical Warning (10846): Verilog HDL Instantiation warning at DE10_LITE_Golden_Top.v(139): instance has no name File: C:/Users/goeva/Downloads/University/EECS3216/Labs/Navid Lab 2/DE10_LITE_Golden_Top.v Line: 139
Info (12127): Elaborating entity "DE10_LITE_Golden_Top" for the top level hierarchy
Warning (10034): Output port "DRAM_ADDR" at DE10_LITE_Golden_Top.v(46) has no driver File: C:/Users/goeva/Downloads/University/EECS3216/Labs/Navid Lab 2/DE10_LITE_Golden_Top.v Line: 46
Warning (10034): Output port "DRAM_BA" at DE10_LITE_Golden_Top.v(47) has no driver File: C:/Users/goeva/Downloads/University/EECS3216/Labs/Navid Lab 2/DE10_LITE_Golden_Top.v Line: 47
Warning (10034): Output port "HEX0" at DE10_LITE_Golden_Top.v(61) has no driver File: C:/Users/goeva/Downloads/University/EECS3216/Labs/Navid Lab 2/DE10_LITE_Golden_Top.v Line: 61
Warning (10034): Output port "HEX1" at DE10_LITE_Golden_Top.v(64) has no driver File: C:/Users/goeva/Downloads/University/EECS3216/Labs/Navid Lab 2/DE10_LITE_Golden_Top.v Line: 64
Warning (10034): Output port "HEX2" at DE10_LITE_Golden_Top.v(67) has no driver File: C:/Users/goeva/Downloads/University/EECS3216/Labs/Navid Lab 2/DE10_LITE_Golden_Top.v Line: 67
Warning (10034): Output port "HEX3" at DE10_LITE_Golden_Top.v(70) has no driver File: C:/Users/goeva/Downloads/University/EECS3216/Labs/Navid Lab 2/DE10_LITE_Golden_Top.v Line: 70
Warning (10034): Output port "HEX4" at DE10_LITE_Golden_Top.v(73) has no driver File: C:/Users/goeva/Downloads/University/EECS3216/Labs/Navid Lab 2/DE10_LITE_Golden_Top.v Line: 73
Warning (10034): Output port "HEX5" at DE10_LITE_Golden_Top.v(76) has no driver File: C:/Users/goeva/Downloads/University/EECS3216/Labs/Navid Lab 2/DE10_LITE_Golden_Top.v Line: 76
Warning (10034): Output port "VGA_B" at DE10_LITE_Golden_Top.v(96) has no driver File: C:/Users/goeva/Downloads/University/EECS3216/Labs/Navid Lab 2/DE10_LITE_Golden_Top.v Line: 96
Warning (10034): Output port "VGA_G" at DE10_LITE_Golden_Top.v(97) has no driver File: C:/Users/goeva/Downloads/University/EECS3216/Labs/Navid Lab 2/DE10_LITE_Golden_Top.v Line: 97
Warning (10034): Output port "VGA_R" at DE10_LITE_Golden_Top.v(99) has no driver File: C:/Users/goeva/Downloads/University/EECS3216/Labs/Navid Lab 2/DE10_LITE_Golden_Top.v Line: 99
Warning (10034): Output port "DRAM_CAS_N" at DE10_LITE_Golden_Top.v(48) has no driver File: C:/Users/goeva/Downloads/University/EECS3216/Labs/Navid Lab 2/DE10_LITE_Golden_Top.v Line: 48
Warning (10034): Output port "DRAM_CKE" at DE10_LITE_Golden_Top.v(49) has no driver File: C:/Users/goeva/Downloads/University/EECS3216/Labs/Navid Lab 2/DE10_LITE_Golden_Top.v Line: 49
Warning (10034): Output port "DRAM_CLK" at DE10_LITE_Golden_Top.v(50) has no driver File: C:/Users/goeva/Downloads/University/EECS3216/Labs/Navid Lab 2/DE10_LITE_Golden_Top.v Line: 50
Warning (10034): Output port "DRAM_CS_N" at DE10_LITE_Golden_Top.v(51) has no driver File: C:/Users/goeva/Downloads/University/EECS3216/Labs/Navid Lab 2/DE10_LITE_Golden_Top.v Line: 51
Warning (10034): Output port "DRAM_LDQM" at DE10_LITE_Golden_Top.v(53) has no driver File: C:/Users/goeva/Downloads/University/EECS3216/Labs/Navid Lab 2/DE10_LITE_Golden_Top.v Line: 53
Warning (10034): Output port "DRAM_RAS_N" at DE10_LITE_Golden_Top.v(54) has no driver File: C:/Users/goeva/Downloads/University/EECS3216/Labs/Navid Lab 2/DE10_LITE_Golden_Top.v Line: 54
Warning (10034): Output port "DRAM_UDQM" at DE10_LITE_Golden_Top.v(55) has no driver File: C:/Users/goeva/Downloads/University/EECS3216/Labs/Navid Lab 2/DE10_LITE_Golden_Top.v Line: 55
Warning (10034): Output port "DRAM_WE_N" at DE10_LITE_Golden_Top.v(56) has no driver File: C:/Users/goeva/Downloads/University/EECS3216/Labs/Navid Lab 2/DE10_LITE_Golden_Top.v Line: 56
Warning (10034): Output port "VGA_HS" at DE10_LITE_Golden_Top.v(98) has no driver File: C:/Users/goeva/Downloads/University/EECS3216/Labs/Navid Lab 2/DE10_LITE_Golden_Top.v Line: 98
Warning (10034): Output port "VGA_VS" at DE10_LITE_Golden_Top.v(100) has no driver File: C:/Users/goeva/Downloads/University/EECS3216/Labs/Navid Lab 2/DE10_LITE_Golden_Top.v Line: 100
Warning (10034): Output port "GSENSOR_CS_N" at DE10_LITE_Golden_Top.v(105) has no driver File: C:/Users/goeva/Downloads/University/EECS3216/Labs/Navid Lab 2/DE10_LITE_Golden_Top.v Line: 105
Warning (10034): Output port "GSENSOR_SCLK" at DE10_LITE_Golden_Top.v(107) has no driver File: C:/Users/goeva/Downloads/University/EECS3216/Labs/Navid Lab 2/DE10_LITE_Golden_Top.v Line: 107
Info (12128): Elaborating entity "pwm_modulated_sine" for hierarchy "pwm_modulated_sine:comb_3" File: C:/Users/goeva/Downloads/University/EECS3216/Labs/Navid Lab 2/DE10_LITE_Golden_Top.v Line: 139
Warning (10230): Verilog HDL assignment warning at pwm_modulated_sine.sv(128): truncated value with size 32 to match size of target (16) File: C:/Users/goeva/Downloads/University/EECS3216/Labs/Navid Lab 2/pwm_modulated_sine.sv Line: 128
Warning (10230): Verilog HDL assignment warning at pwm_modulated_sine.sv(225): truncated value with size 32 to match size of target (16) File: C:/Users/goeva/Downloads/University/EECS3216/Labs/Navid Lab 2/pwm_modulated_sine.sv Line: 225
Warning (10030): Net "sine_lut.data_a" at pwm_modulated_sine.sv(115) has no driver or initial value, using a default initial value '0' File: C:/Users/goeva/Downloads/University/EECS3216/Labs/Navid Lab 2/pwm_modulated_sine.sv Line: 115
Warning (10030): Net "sine_lut.waddr_a" at pwm_modulated_sine.sv(115) has no driver or initial value, using a default initial value '0' File: C:/Users/goeva/Downloads/University/EECS3216/Labs/Navid Lab 2/pwm_modulated_sine.sv Line: 115
Warning (10030): Net "sine_lut.we_a" at pwm_modulated_sine.sv(115) has no driver or initial value, using a default initial value '0' File: C:/Users/goeva/Downloads/University/EECS3216/Labs/Navid Lab 2/pwm_modulated_sine.sv Line: 115
Info (12128): Elaborating entity "button_debounce" for hierarchy "pwm_modulated_sine:comb_3|button_debounce:deb0" File: C:/Users/goeva/Downloads/University/EECS3216/Labs/Navid Lab 2/pwm_modulated_sine.sv Line: 57
Warning (10230): Verilog HDL assignment warning at pwm_modulated_sine.sv(274): truncated value with size 32 to match size of target (20) File: C:/Users/goeva/Downloads/University/EECS3216/Labs/Navid Lab 2/pwm_modulated_sine.sv Line: 274
Critical Warning (127005): Memory depth (256) in the design file differs from memory depth (200) in the Memory Initialization File "C:/Users/goeva/Downloads/University/EECS3216/Labs/Navid Lab 2/db/Lab2.ram0_pwm_modulated_sine_b0be5a36.hdl.mif" -- setting initial value for remaining addresses to 0
Info (276014): Found 1 instances of uninferred RAM logic
    Info (276013): RAM logic "pwm_modulated_sine:comb_3|sine_lut" is uninferred because MIF is not supported for the selected family File: C:/Users/goeva/Downloads/University/EECS3216/Labs/Navid Lab 2/pwm_modulated_sine.sv Line: 115
Info (278001): Inferred 3 megafunctions from design logic
    Info (278004): Inferred divider/modulo megafunction ("lpm_divide") from the following logic: "pwm_modulated_sine:comb_3|Div0" File: C:/Users/goeva/Downloads/University/EECS3216/Labs/Navid Lab 2/pwm_modulated_sine.sv Line: 127
    Info (278004): Inferred divider/modulo megafunction ("lpm_divide") from the following logic: "pwm_modulated_sine:comb_3|Div2" File: C:/Users/goeva/Downloads/University/EECS3216/Labs/Navid Lab 2/pwm_modulated_sine.sv Line: 224
    Info (278003): Inferred multiplier megafunction ("lpm_mult") from the following logic: "pwm_modulated_sine:comb_3|Mult0" File: C:/Users/goeva/Downloads/University/EECS3216/Labs/Navid Lab 2/pwm_modulated_sine.sv Line: 223
Info (12130): Elaborated megafunction instantiation "pwm_modulated_sine:comb_3|lpm_divide:Div0" File: C:/Users/goeva/Downloads/University/EECS3216/Labs/Navid Lab 2/pwm_modulated_sine.sv Line: 127
Info (12133): Instantiated megafunction "pwm_modulated_sine:comb_3|lpm_divide:Div0" with the following parameter: File: C:/Users/goeva/Downloads/University/EECS3216/Labs/Navid Lab 2/pwm_modulated_sine.sv Line: 127
    Info (12134): Parameter "LPM_WIDTHN" = "26"
    Info (12134): Parameter "LPM_WIDTHD" = "32"
    Info (12134): Parameter "LPM_NREPRESENTATION" = "UNSIGNED"
    Info (12134): Parameter "LPM_DREPRESENTATION" = "UNSIGNED"
Info (12021): Found 1 design units, including 1 entities, in source file db/lpm_divide_avl.tdf
    Info (12023): Found entity 1: lpm_divide_avl File: C:/Users/goeva/Downloads/University/EECS3216/Labs/Navid Lab 2/db/lpm_divide_avl.tdf Line: 25
Info (12021): Found 1 design units, including 1 entities, in source file db/sign_div_unsign_9nh.tdf
    Info (12023): Found entity 1: sign_div_unsign_9nh File: C:/Users/goeva/Downloads/University/EECS3216/Labs/Navid Lab 2/db/sign_div_unsign_9nh.tdf Line: 25
Info (12021): Found 1 design units, including 1 entities, in source file db/alt_u_div_ske.tdf
    Info (12023): Found entity 1: alt_u_div_ske File: C:/Users/goeva/Downloads/University/EECS3216/Labs/Navid Lab 2/db/alt_u_div_ske.tdf Line: 27
Info (12021): Found 1 design units, including 1 entities, in source file db/add_sub_t3c.tdf
    Info (12023): Found entity 1: add_sub_t3c File: C:/Users/goeva/Downloads/University/EECS3216/Labs/Navid Lab 2/db/add_sub_t3c.tdf Line: 23
Info (12021): Found 1 design units, including 1 entities, in source file db/add_sub_u3c.tdf
    Info (12023): Found entity 1: add_sub_u3c File: C:/Users/goeva/Downloads/University/EECS3216/Labs/Navid Lab 2/db/add_sub_u3c.tdf Line: 23
Info (12130): Elaborated megafunction instantiation "pwm_modulated_sine:comb_3|lpm_divide:Div2" File: C:/Users/goeva/Downloads/University/EECS3216/Labs/Navid Lab 2/pwm_modulated_sine.sv Line: 224
Info (12133): Instantiated megafunction "pwm_modulated_sine:comb_3|lpm_divide:Div2" with the following parameter: File: C:/Users/goeva/Downloads/University/EECS3216/Labs/Navid Lab 2/pwm_modulated_sine.sv Line: 224
    Info (12134): Parameter "LPM_WIDTHN" = "26"
    Info (12134): Parameter "LPM_WIDTHD" = "32"
    Info (12134): Parameter "LPM_NREPRESENTATION" = "UNSIGNED"
    Info (12134): Parameter "LPM_DREPRESENTATION" = "UNSIGNED"
Info (12130): Elaborated megafunction instantiation "pwm_modulated_sine:comb_3|lpm_mult:Mult0" File: C:/Users/goeva/Downloads/University/EECS3216/Labs/Navid Lab 2/pwm_modulated_sine.sv Line: 223
Info (12133): Instantiated megafunction "pwm_modulated_sine:comb_3|lpm_mult:Mult0" with the following parameter: File: C:/Users/goeva/Downloads/University/EECS3216/Labs/Navid Lab 2/pwm_modulated_sine.sv Line: 223
    Info (12134): Parameter "LPM_WIDTHA" = "16"
    Info (12134): Parameter "LPM_WIDTHB" = "16"
    Info (12134): Parameter "LPM_WIDTHP" = "32"
    Info (12134): Parameter "LPM_WIDTHR" = "32"
    Info (12134): Parameter "LPM_WIDTHS" = "1"
    Info (12134): Parameter "LPM_REPRESENTATION" = "UNSIGNED"
    Info (12134): Parameter "INPUT_A_IS_CONSTANT" = "NO"
    Info (12134): Parameter "INPUT_B_IS_CONSTANT" = "NO"
    Info (12134): Parameter "MAXIMIZE_SPEED" = "6"
Info (12021): Found 1 design units, including 1 entities, in source file db/mult_tns.tdf
    Info (12023): Found entity 1: mult_tns File: C:/Users/goeva/Downloads/University/EECS3216/Labs/Navid Lab 2/db/mult_tns.tdf Line: 29
Warning (13034): The following nodes have both tri-state and non-tri-state drivers
    Warning (13035): Inserted always-enabled tri-state buffer between "ARDUINO_IO[0]" and its non-tri-state driver. File: C:/Users/goeva/Downloads/University/EECS3216/Labs/Navid Lab 2/DE10_LITE_Golden_Top.v Line: 114
    Warning (13035): Inserted always-enabled tri-state buffer between "ARDUINO_IO[1]" and its non-tri-state driver. File: C:/Users/goeva/Downloads/University/EECS3216/Labs/Navid Lab 2/DE10_LITE_Golden_Top.v Line: 114
Warning (13039): The following bidirectional pins have no drivers
    Warning (13040): bidirectional pin "DRAM_DQ[0]" has no driver File: C:/Users/goeva/Downloads/University/EECS3216/Labs/Navid Lab 2/DE10_LITE_Golden_Top.v Line: 52
    Warning (13040): bidirectional pin "DRAM_DQ[1]" has no driver File: C:/Users/goeva/Downloads/University/EECS3216/Labs/Navid Lab 2/DE10_LITE_Golden_Top.v Line: 52
    Warning (13040): bidirectional pin "DRAM_DQ[2]" has no driver File: C:/Users/goeva/Downloads/University/EECS3216/Labs/Navid Lab 2/DE10_LITE_Golden_Top.v Line: 52
    Warning (13040): bidirectional pin "DRAM_DQ[3]" has no driver File: C:/Users/goeva/Downloads/University/EECS3216/Labs/Navid Lab 2/DE10_LITE_Golden_Top.v Line: 52
    Warning (13040): bidirectional pin "DRAM_DQ[4]" has no driver File: C:/Users/goeva/Downloads/University/EECS3216/Labs/Navid Lab 2/DE10_LITE_Golden_Top.v Line: 52
    Warning (13040): bidirectional pin "DRAM_DQ[5]" has no driver File: C:/Users/goeva/Downloads/University/EECS3216/Labs/Navid Lab 2/DE10_LITE_Golden_Top.v Line: 52
    Warning (13040): bidirectional pin "DRAM_DQ[6]" has no driver File: C:/Users/goeva/Downloads/University/EECS3216/Labs/Navid Lab 2/DE10_LITE_Golden_Top.v Line: 52
    Warning (13040): bidirectional pin "DRAM_DQ[7]" has no driver File: C:/Users/goeva/Downloads/University/EECS3216/Labs/Navid Lab 2/DE10_LITE_Golden_Top.v Line: 52
    Warning (13040): bidirectional pin "DRAM_DQ[8]" has no driver File: C:/Users/goeva/Downloads/University/EECS3216/Labs/Navid Lab 2/DE10_LITE_Golden_Top.v Line: 52
    Warning (13040): bidirectional pin "DRAM_DQ[9]" has no driver File: C:/Users/goeva/Downloads/University/EECS3216/Labs/Navid Lab 2/DE10_LITE_Golden_Top.v Line: 52
    Warning (13040): bidirectional pin "DRAM_DQ[10]" has no driver File: C:/Users/goeva/Downloads/University/EECS3216/Labs/Navid Lab 2/DE10_LITE_Golden_Top.v Line: 52
    Warning (13040): bidirectional pin "DRAM_DQ[11]" has no driver File: C:/Users/goeva/Downloads/University/EECS3216/Labs/Navid Lab 2/DE10_LITE_Golden_Top.v Line: 52
    Warning (13040): bidirectional pin "DRAM_DQ[12]" has no driver File: C:/Users/goeva/Downloads/University/EECS3216/Labs/Navid Lab 2/DE10_LITE_Golden_Top.v Line: 52
    Warning (13040): bidirectional pin "DRAM_DQ[13]" has no driver File: C:/Users/goeva/Downloads/University/EECS3216/Labs/Navid Lab 2/DE10_LITE_Golden_Top.v Line: 52
    Warning (13040): bidirectional pin "DRAM_DQ[14]" has no driver File: C:/Users/goeva/Downloads/University/EECS3216/Labs/Navid Lab 2/DE10_LITE_Golden_Top.v Line: 52
    Warning (13040): bidirectional pin "DRAM_DQ[15]" has no driver File: C:/Users/goeva/Downloads/University/EECS3216/Labs/Navid Lab 2/DE10_LITE_Golden_Top.v Line: 52
    Warning (13040): bidirectional pin "GSENSOR_SDI" has no driver File: C:/Users/goeva/Downloads/University/EECS3216/Labs/Navid Lab 2/DE10_LITE_Golden_Top.v Line: 108
    Warning (13040): bidirectional pin "GSENSOR_SDO" has no driver File: C:/Users/goeva/Downloads/University/EECS3216/Labs/Navid Lab 2/DE10_LITE_Golden_Top.v Line: 109
    Warning (13040): bidirectional pin "ARDUINO_IO[2]" has no driver File: C:/Users/goeva/Downloads/University/EECS3216/Labs/Navid Lab 2/DE10_LITE_Golden_Top.v Line: 114
    Warning (13040): bidirectional pin "ARDUINO_IO[3]" has no driver File: C:/Users/goeva/Downloads/University/EECS3216/Labs/Navid Lab 2/DE10_LITE_Golden_Top.v Line: 114
    Warning (13040): bidirectional pin "ARDUINO_IO[4]" has no driver File: C:/Users/goeva/Downloads/University/EECS3216/Labs/Navid Lab 2/DE10_LITE_Golden_Top.v Line: 114
    Warning (13040): bidirectional pin "ARDUINO_IO[5]" has no driver File: C:/Users/goeva/Downloads/University/EECS3216/Labs/Navid Lab 2/DE10_LITE_Golden_Top.v Line: 114
    Warning (13040): bidirectional pin "ARDUINO_IO[6]" has no driver File: C:/Users/goeva/Downloads/University/EECS3216/Labs/Navid Lab 2/DE10_LITE_Golden_Top.v Line: 114
    Warning (13040): bidirectional pin "ARDUINO_IO[7]" has no driver File: C:/Users/goeva/Downloads/University/EECS3216/Labs/Navid Lab 2/DE10_LITE_Golden_Top.v Line: 114
    Warning (13040): bidirectional pin "ARDUINO_IO[8]" has no driver File: C:/Users/goeva/Downloads/University/EECS3216/Labs/Navid Lab 2/DE10_LITE_Golden_Top.v Line: 114
    Warning (13040): bidirectional pin "ARDUINO_IO[9]" has no driver File: C:/Users/goeva/Downloads/University/EECS3216/Labs/Navid Lab 2/DE10_LITE_Golden_Top.v Line: 114
    Warning (13040): bidirectional pin "ARDUINO_IO[10]" has no driver File: C:/Users/goeva/Downloads/University/EECS3216/Labs/Navid Lab 2/DE10_LITE_Golden_Top.v Line: 114
    Warning (13040): bidirectional pin "ARDUINO_IO[11]" has no driver File: C:/Users/goeva/Downloads/University/EECS3216/Labs/Navid Lab 2/DE10_LITE_Golden_Top.v Line: 114
    Warning (13040): bidirectional pin "ARDUINO_IO[12]" has no driver File: C:/Users/goeva/Downloads/University/EECS3216/Labs/Navid Lab 2/DE10_LITE_Golden_Top.v Line: 114
    Warning (13040): bidirectional pin "ARDUINO_IO[13]" has no driver File: C:/Users/goeva/Downloads/University/EECS3216/Labs/Navid Lab 2/DE10_LITE_Golden_Top.v Line: 114
    Warning (13040): bidirectional pin "ARDUINO_IO[14]" has no driver File: C:/Users/goeva/Downloads/University/EECS3216/Labs/Navid Lab 2/DE10_LITE_Golden_Top.v Line: 114
    Warning (13040): bidirectional pin "ARDUINO_IO[15]" has no driver File: C:/Users/goeva/Downloads/University/EECS3216/Labs/Navid Lab 2/DE10_LITE_Golden_Top.v Line: 114
    Warning (13040): bidirectional pin "ARDUINO_RESET_N" has no driver File: C:/Users/goeva/Downloads/University/EECS3216/Labs/Navid Lab 2/DE10_LITE_Golden_Top.v Line: 115
    Warning (13040): bidirectional pin "GPIO[0]" has no driver File: C:/Users/goeva/Downloads/University/EECS3216/Labs/Navid Lab 2/DE10_LITE_Golden_Top.v Line: 122
    Warning (13040): bidirectional pin "GPIO[1]" has no driver File: C:/Users/goeva/Downloads/University/EECS3216/Labs/Navid Lab 2/DE10_LITE_Golden_Top.v Line: 122
    Warning (13040): bidirectional pin "GPIO[2]" has no driver File: C:/Users/goeva/Downloads/University/EECS3216/Labs/Navid Lab 2/DE10_LITE_Golden_Top.v Line: 122
    Warning (13040): bidirectional pin "GPIO[3]" has no driver File: C:/Users/goeva/Downloads/University/EECS3216/Labs/Navid Lab 2/DE10_LITE_Golden_Top.v Line: 122
    Warning (13040): bidirectional pin "GPIO[4]" has no driver File: C:/Users/goeva/Downloads/University/EECS3216/Labs/Navid Lab 2/DE10_LITE_Golden_Top.v Line: 122
    Warning (13040): bidirectional pin "GPIO[5]" has no driver File: C:/Users/goeva/Downloads/University/EECS3216/Labs/Navid Lab 2/DE10_LITE_Golden_Top.v Line: 122
    Warning (13040): bidirectional pin "GPIO[6]" has no driver File: C:/Users/goeva/Downloads/University/EECS3216/Labs/Navid Lab 2/DE10_LITE_Golden_Top.v Line: 122
    Warning (13040): bidirectional pin "GPIO[7]" has no driver File: C:/Users/goeva/Downloads/University/EECS3216/Labs/Navid Lab 2/DE10_LITE_Golden_Top.v Line: 122
    Warning (13040): bidirectional pin "GPIO[8]" has no driver File: C:/Users/goeva/Downloads/University/EECS3216/Labs/Navid Lab 2/DE10_LITE_Golden_Top.v Line: 122
    Warning (13040): bidirectional pin "GPIO[9]" has no driver File: C:/Users/goeva/Downloads/University/EECS3216/Labs/Navid Lab 2/DE10_LITE_Golden_Top.v Line: 122
    Warning (13040): bidirectional pin "GPIO[10]" has no driver File: C:/Users/goeva/Downloads/University/EECS3216/Labs/Navid Lab 2/DE10_LITE_Golden_Top.v Line: 122
    Warning (13040): bidirectional pin "GPIO[11]" has no driver File: C:/Users/goeva/Downloads/University/EECS3216/Labs/Navid Lab 2/DE10_LITE_Golden_Top.v Line: 122
    Warning (13040): bidirectional pin "GPIO[12]" has no driver File: C:/Users/goeva/Downloads/University/EECS3216/Labs/Navid Lab 2/DE10_LITE_Golden_Top.v Line: 122
    Warning (13040): bidirectional pin "GPIO[13]" has no driver File: C:/Users/goeva/Downloads/University/EECS3216/Labs/Navid Lab 2/DE10_LITE_Golden_Top.v Line: 122
    Warning (13040): bidirectional pin "GPIO[14]" has no driver File: C:/Users/goeva/Downloads/University/EECS3216/Labs/Navid Lab 2/DE10_LITE_Golden_Top.v Line: 122
    Warning (13040): bidirectional pin "GPIO[15]" has no driver File: C:/Users/goeva/Downloads/University/EECS3216/Labs/Navid Lab 2/DE10_LITE_Golden_Top.v Line: 122
    Warning (13040): bidirectional pin "GPIO[16]" has no driver File: C:/Users/goeva/Downloads/University/EECS3216/Labs/Navid Lab 2/DE10_LITE_Golden_Top.v Line: 122
    Warning (13040): bidirectional pin "GPIO[17]" has no driver File: C:/Users/goeva/Downloads/University/EECS3216/Labs/Navid Lab 2/DE10_LITE_Golden_Top.v Line: 122
    Warning (13040): bidirectional pin "GPIO[18]" has no driver File: C:/Users/goeva/Downloads/University/EECS3216/Labs/Navid Lab 2/DE10_LITE_Golden_Top.v Line: 122
    Warning (13040): bidirectional pin "GPIO[19]" has no driver File: C:/Users/goeva/Downloads/University/EECS3216/Labs/Navid Lab 2/DE10_LITE_Golden_Top.v Line: 122
    Warning (13040): bidirectional pin "GPIO[20]" has no driver File: C:/Users/goeva/Downloads/University/EECS3216/Labs/Navid Lab 2/DE10_LITE_Golden_Top.v Line: 122
    Warning (13040): bidirectional pin "GPIO[21]" has no driver File: C:/Users/goeva/Downloads/University/EECS3216/Labs/Navid Lab 2/DE10_LITE_Golden_Top.v Line: 122
    Warning (13040): bidirectional pin "GPIO[22]" has no driver File: C:/Users/goeva/Downloads/University/EECS3216/Labs/Navid Lab 2/DE10_LITE_Golden_Top.v Line: 122
    Warning (13040): bidirectional pin "GPIO[23]" has no driver File: C:/Users/goeva/Downloads/University/EECS3216/Labs/Navid Lab 2/DE10_LITE_Golden_Top.v Line: 122
    Warning (13040): bidirectional pin "GPIO[24]" has no driver File: C:/Users/goeva/Downloads/University/EECS3216/Labs/Navid Lab 2/DE10_LITE_Golden_Top.v Line: 122
    Warning (13040): bidirectional pin "GPIO[25]" has no driver File: C:/Users/goeva/Downloads/University/EECS3216/Labs/Navid Lab 2/DE10_LITE_Golden_Top.v Line: 122
    Warning (13040): bidirectional pin "GPIO[26]" has no driver File: C:/Users/goeva/Downloads/University/EECS3216/Labs/Navid Lab 2/DE10_LITE_Golden_Top.v Line: 122
    Warning (13040): bidirectional pin "GPIO[27]" has no driver File: C:/Users/goeva/Downloads/University/EECS3216/Labs/Navid Lab 2/DE10_LITE_Golden_Top.v Line: 122
    Warning (13040): bidirectional pin "GPIO[28]" has no driver File: C:/Users/goeva/Downloads/University/EECS3216/Labs/Navid Lab 2/DE10_LITE_Golden_Top.v Line: 122
    Warning (13040): bidirectional pin "GPIO[29]" has no driver File: C:/Users/goeva/Downloads/University/EECS3216/Labs/Navid Lab 2/DE10_LITE_Golden_Top.v Line: 122
    Warning (13040): bidirectional pin "GPIO[30]" has no driver File: C:/Users/goeva/Downloads/University/EECS3216/Labs/Navid Lab 2/DE10_LITE_Golden_Top.v Line: 122
    Warning (13040): bidirectional pin "GPIO[31]" has no driver File: C:/Users/goeva/Downloads/University/EECS3216/Labs/Navid Lab 2/DE10_LITE_Golden_Top.v Line: 122
    Warning (13040): bidirectional pin "GPIO[32]" has no driver File: C:/Users/goeva/Downloads/University/EECS3216/Labs/Navid Lab 2/DE10_LITE_Golden_Top.v Line: 122
    Warning (13040): bidirectional pin "GPIO[33]" has no driver File: C:/Users/goeva/Downloads/University/EECS3216/Labs/Navid Lab 2/DE10_LITE_Golden_Top.v Line: 122
    Warning (13040): bidirectional pin "GPIO[34]" has no driver File: C:/Users/goeva/Downloads/University/EECS3216/Labs/Navid Lab 2/DE10_LITE_Golden_Top.v Line: 122
    Warning (13040): bidirectional pin "GPIO[35]" has no driver File: C:/Users/goeva/Downloads/University/EECS3216/Labs/Navid Lab 2/DE10_LITE_Golden_Top.v Line: 122
Info (13000): Registers with preset signals will power-up high File: C:/Users/goeva/Downloads/University/EECS3216/Labs/Navid Lab 2/pwm_modulated_sine.sv Line: 29
Info (13003): DEV_CLRn pin will set, and not reset, register with preset signal due to NOT Gate Push-Back
Warning (13004): Presettable and clearable registers converted to equivalent circuits with latches. Registers power-up to an undefined state, and DEVCLRn places the registers in an undefined state.
    Warning (13310): Register "pwm_modulated_sine:comb_3|button_debounce:deb0|stable_button" is converted into an equivalent circuit using register "pwm_modulated_sine:comb_3|button_debounce:deb0|stable_button~_emulated" and latch "pwm_modulated_sine:comb_3|button_debounce:deb0|stable_button~1" File: C:/Users/goeva/Downloads/University/EECS3216/Labs/Navid Lab 2/pwm_modulated_sine.sv Line: 264
    Warning (13310): Register "pwm_modulated_sine:comb_3|button_debounce:deb1|stable_button" is converted into an equivalent circuit using register "pwm_modulated_sine:comb_3|button_debounce:deb1|stable_button~_emulated" and latch "pwm_modulated_sine:comb_3|button_debounce:deb1|stable_button~1" File: C:/Users/goeva/Downloads/University/EECS3216/Labs/Navid Lab 2/pwm_modulated_sine.sv Line: 264
Warning (13009): TRI or OPNDRN buffers permanently enabled
    Warning (13010): Node "ARDUINO_IO[0]~synth" File: C:/Users/goeva/Downloads/University/EECS3216/Labs/Navid Lab 2/DE10_LITE_Golden_Top.v Line: 114
    Warning (13010): Node "ARDUINO_IO[1]~synth" File: C:/Users/goeva/Downloads/University/EECS3216/Labs/Navid Lab 2/DE10_LITE_Golden_Top.v Line: 114
Warning (13024): Output pins are stuck at VCC or GND
    Warning (13410): Pin "DRAM_ADDR[0]" is stuck at GND File: C:/Users/goeva/Downloads/University/EECS3216/Labs/Navid Lab 2/DE10_LITE_Golden_Top.v Line: 46
    Warning (13410): Pin "DRAM_ADDR[1]" is stuck at GND File: C:/Users/goeva/Downloads/University/EECS3216/Labs/Navid Lab 2/DE10_LITE_Golden_Top.v Line: 46
    Warning (13410): Pin "DRAM_ADDR[2]" is stuck at GND File: C:/Users/goeva/Downloads/University/EECS3216/Labs/Navid Lab 2/DE10_LITE_Golden_Top.v Line: 46
    Warning (13410): Pin "DRAM_ADDR[3]" is stuck at GND File: C:/Users/goeva/Downloads/University/EECS3216/Labs/Navid Lab 2/DE10_LITE_Golden_Top.v Line: 46
    Warning (13410): Pin "DRAM_ADDR[4]" is stuck at GND File: C:/Users/goeva/Downloads/University/EECS3216/Labs/Navid Lab 2/DE10_LITE_Golden_Top.v Line: 46
    Warning (13410): Pin "DRAM_ADDR[5]" is stuck at GND File: C:/Users/goeva/Downloads/University/EECS3216/Labs/Navid Lab 2/DE10_LITE_Golden_Top.v Line: 46
    Warning (13410): Pin "DRAM_ADDR[6]" is stuck at GND File: C:/Users/goeva/Downloads/University/EECS3216/Labs/Navid Lab 2/DE10_LITE_Golden_Top.v Line: 46
    Warning (13410): Pin "DRAM_ADDR[7]" is stuck at GND File: C:/Users/goeva/Downloads/University/EECS3216/Labs/Navid Lab 2/DE10_LITE_Golden_Top.v Line: 46
    Warning (13410): Pin "DRAM_ADDR[8]" is stuck at GND File: C:/Users/goeva/Downloads/University/EECS3216/Labs/Navid Lab 2/DE10_LITE_Golden_Top.v Line: 46
    Warning (13410): Pin "DRAM_ADDR[9]" is stuck at GND File: C:/Users/goeva/Downloads/University/EECS3216/Labs/Navid Lab 2/DE10_LITE_Golden_Top.v Line: 46
    Warning (13410): Pin "DRAM_ADDR[10]" is stuck at GND File: C:/Users/goeva/Downloads/University/EECS3216/Labs/Navid Lab 2/DE10_LITE_Golden_Top.v Line: 46
    Warning (13410): Pin "DRAM_ADDR[11]" is stuck at GND File: C:/Users/goeva/Downloads/University/EECS3216/Labs/Navid Lab 2/DE10_LITE_Golden_Top.v Line: 46
    Warning (13410): Pin "DRAM_ADDR[12]" is stuck at GND File: C:/Users/goeva/Downloads/University/EECS3216/Labs/Navid Lab 2/DE10_LITE_Golden_Top.v Line: 46
    Warning (13410): Pin "DRAM_BA[0]" is stuck at GND File: C:/Users/goeva/Downloads/University/EECS3216/Labs/Navid Lab 2/DE10_LITE_Golden_Top.v Line: 47
    Warning (13410): Pin "DRAM_BA[1]" is stuck at GND File: C:/Users/goeva/Downloads/University/EECS3216/Labs/Navid Lab 2/DE10_LITE_Golden_Top.v Line: 47
    Warning (13410): Pin "DRAM_CAS_N" is stuck at GND File: C:/Users/goeva/Downloads/University/EECS3216/Labs/Navid Lab 2/DE10_LITE_Golden_Top.v Line: 48
    Warning (13410): Pin "DRAM_CKE" is stuck at GND File: C:/Users/goeva/Downloads/University/EECS3216/Labs/Navid Lab 2/DE10_LITE_Golden_Top.v Line: 49
    Warning (13410): Pin "DRAM_CLK" is stuck at GND File: C:/Users/goeva/Downloads/University/EECS3216/Labs/Navid Lab 2/DE10_LITE_Golden_Top.v Line: 50
    Warning (13410): Pin "DRAM_CS_N" is stuck at GND File: C:/Users/goeva/Downloads/University/EECS3216/Labs/Navid Lab 2/DE10_LITE_Golden_Top.v Line: 51
    Warning (13410): Pin "DRAM_LDQM" is stuck at GND File: C:/Users/goeva/Downloads/University/EECS3216/Labs/Navid Lab 2/DE10_LITE_Golden_Top.v Line: 53
    Warning (13410): Pin "DRAM_RAS_N" is stuck at GND File: C:/Users/goeva/Downloads/University/EECS3216/Labs/Navid Lab 2/DE10_LITE_Golden_Top.v Line: 54
    Warning (13410): Pin "DRAM_UDQM" is stuck at GND File: C:/Users/goeva/Downloads/University/EECS3216/Labs/Navid Lab 2/DE10_LITE_Golden_Top.v Line: 55
    Warning (13410): Pin "DRAM_WE_N" is stuck at GND File: C:/Users/goeva/Downloads/University/EECS3216/Labs/Navid Lab 2/DE10_LITE_Golden_Top.v Line: 56
    Warning (13410): Pin "HEX0[0]" is stuck at GND File: C:/Users/goeva/Downloads/University/EECS3216/Labs/Navid Lab 2/DE10_LITE_Golden_Top.v Line: 61
    Warning (13410): Pin "HEX0[1]" is stuck at GND File: C:/Users/goeva/Downloads/University/EECS3216/Labs/Navid Lab 2/DE10_LITE_Golden_Top.v Line: 61
    Warning (13410): Pin "HEX0[2]" is stuck at GND File: C:/Users/goeva/Downloads/University/EECS3216/Labs/Navid Lab 2/DE10_LITE_Golden_Top.v Line: 61
    Warning (13410): Pin "HEX0[3]" is stuck at GND File: C:/Users/goeva/Downloads/University/EECS3216/Labs/Navid Lab 2/DE10_LITE_Golden_Top.v Line: 61
    Warning (13410): Pin "HEX0[4]" is stuck at GND File: C:/Users/goeva/Downloads/University/EECS3216/Labs/Navid Lab 2/DE10_LITE_Golden_Top.v Line: 61
    Warning (13410): Pin "HEX0[5]" is stuck at GND File: C:/Users/goeva/Downloads/University/EECS3216/Labs/Navid Lab 2/DE10_LITE_Golden_Top.v Line: 61
    Warning (13410): Pin "HEX0[6]" is stuck at GND File: C:/Users/goeva/Downloads/University/EECS3216/Labs/Navid Lab 2/DE10_LITE_Golden_Top.v Line: 61
    Warning (13410): Pin "HEX0[7]" is stuck at GND File: C:/Users/goeva/Downloads/University/EECS3216/Labs/Navid Lab 2/DE10_LITE_Golden_Top.v Line: 61
    Warning (13410): Pin "HEX1[0]" is stuck at GND File: C:/Users/goeva/Downloads/University/EECS3216/Labs/Navid Lab 2/DE10_LITE_Golden_Top.v Line: 64
    Warning (13410): Pin "HEX1[1]" is stuck at GND File: C:/Users/goeva/Downloads/University/EECS3216/Labs/Navid Lab 2/DE10_LITE_Golden_Top.v Line: 64
    Warning (13410): Pin "HEX1[2]" is stuck at GND File: C:/Users/goeva/Downloads/University/EECS3216/Labs/Navid Lab 2/DE10_LITE_Golden_Top.v Line: 64
    Warning (13410): Pin "HEX1[3]" is stuck at GND File: C:/Users/goeva/Downloads/University/EECS3216/Labs/Navid Lab 2/DE10_LITE_Golden_Top.v Line: 64
    Warning (13410): Pin "HEX1[4]" is stuck at GND File: C:/Users/goeva/Downloads/University/EECS3216/Labs/Navid Lab 2/DE10_LITE_Golden_Top.v Line: 64
    Warning (13410): Pin "HEX1[5]" is stuck at GND File: C:/Users/goeva/Downloads/University/EECS3216/Labs/Navid Lab 2/DE10_LITE_Golden_Top.v Line: 64
    Warning (13410): Pin "HEX1[6]" is stuck at GND File: C:/Users/goeva/Downloads/University/EECS3216/Labs/Navid Lab 2/DE10_LITE_Golden_Top.v Line: 64
    Warning (13410): Pin "HEX1[7]" is stuck at GND File: C:/Users/goeva/Downloads/University/EECS3216/Labs/Navid Lab 2/DE10_LITE_Golden_Top.v Line: 64
    Warning (13410): Pin "HEX2[0]" is stuck at GND File: C:/Users/goeva/Downloads/University/EECS3216/Labs/Navid Lab 2/DE10_LITE_Golden_Top.v Line: 67
    Warning (13410): Pin "HEX2[1]" is stuck at GND File: C:/Users/goeva/Downloads/University/EECS3216/Labs/Navid Lab 2/DE10_LITE_Golden_Top.v Line: 67
    Warning (13410): Pin "HEX2[2]" is stuck at GND File: C:/Users/goeva/Downloads/University/EECS3216/Labs/Navid Lab 2/DE10_LITE_Golden_Top.v Line: 67
    Warning (13410): Pin "HEX2[3]" is stuck at GND File: C:/Users/goeva/Downloads/University/EECS3216/Labs/Navid Lab 2/DE10_LITE_Golden_Top.v Line: 67
    Warning (13410): Pin "HEX2[4]" is stuck at GND File: C:/Users/goeva/Downloads/University/EECS3216/Labs/Navid Lab 2/DE10_LITE_Golden_Top.v Line: 67
    Warning (13410): Pin "HEX2[5]" is stuck at GND File: C:/Users/goeva/Downloads/University/EECS3216/Labs/Navid Lab 2/DE10_LITE_Golden_Top.v Line: 67
    Warning (13410): Pin "HEX2[6]" is stuck at GND File: C:/Users/goeva/Downloads/University/EECS3216/Labs/Navid Lab 2/DE10_LITE_Golden_Top.v Line: 67
    Warning (13410): Pin "HEX2[7]" is stuck at GND File: C:/Users/goeva/Downloads/University/EECS3216/Labs/Navid Lab 2/DE10_LITE_Golden_Top.v Line: 67
    Warning (13410): Pin "HEX3[0]" is stuck at GND File: C:/Users/goeva/Downloads/University/EECS3216/Labs/Navid Lab 2/DE10_LITE_Golden_Top.v Line: 70
    Warning (13410): Pin "HEX3[1]" is stuck at GND File: C:/Users/goeva/Downloads/University/EECS3216/Labs/Navid Lab 2/DE10_LITE_Golden_Top.v Line: 70
    Warning (13410): Pin "HEX3[2]" is stuck at GND File: C:/Users/goeva/Downloads/University/EECS3216/Labs/Navid Lab 2/DE10_LITE_Golden_Top.v Line: 70
    Warning (13410): Pin "HEX3[3]" is stuck at GND File: C:/Users/goeva/Downloads/University/EECS3216/Labs/Navid Lab 2/DE10_LITE_Golden_Top.v Line: 70
    Warning (13410): Pin "HEX3[4]" is stuck at GND File: C:/Users/goeva/Downloads/University/EECS3216/Labs/Navid Lab 2/DE10_LITE_Golden_Top.v Line: 70
    Warning (13410): Pin "HEX3[5]" is stuck at GND File: C:/Users/goeva/Downloads/University/EECS3216/Labs/Navid Lab 2/DE10_LITE_Golden_Top.v Line: 70
    Warning (13410): Pin "HEX3[6]" is stuck at GND File: C:/Users/goeva/Downloads/University/EECS3216/Labs/Navid Lab 2/DE10_LITE_Golden_Top.v Line: 70
    Warning (13410): Pin "HEX3[7]" is stuck at GND File: C:/Users/goeva/Downloads/University/EECS3216/Labs/Navid Lab 2/DE10_LITE_Golden_Top.v Line: 70
    Warning (13410): Pin "HEX4[0]" is stuck at GND File: C:/Users/goeva/Downloads/University/EECS3216/Labs/Navid Lab 2/DE10_LITE_Golden_Top.v Line: 73
    Warning (13410): Pin "HEX4[1]" is stuck at GND File: C:/Users/goeva/Downloads/University/EECS3216/Labs/Navid Lab 2/DE10_LITE_Golden_Top.v Line: 73
    Warning (13410): Pin "HEX4[2]" is stuck at GND File: C:/Users/goeva/Downloads/University/EECS3216/Labs/Navid Lab 2/DE10_LITE_Golden_Top.v Line: 73
    Warning (13410): Pin "HEX4[3]" is stuck at GND File: C:/Users/goeva/Downloads/University/EECS3216/Labs/Navid Lab 2/DE10_LITE_Golden_Top.v Line: 73
    Warning (13410): Pin "HEX4[4]" is stuck at GND File: C:/Users/goeva/Downloads/University/EECS3216/Labs/Navid Lab 2/DE10_LITE_Golden_Top.v Line: 73
    Warning (13410): Pin "HEX4[5]" is stuck at GND File: C:/Users/goeva/Downloads/University/EECS3216/Labs/Navid Lab 2/DE10_LITE_Golden_Top.v Line: 73
    Warning (13410): Pin "HEX4[6]" is stuck at GND File: C:/Users/goeva/Downloads/University/EECS3216/Labs/Navid Lab 2/DE10_LITE_Golden_Top.v Line: 73
    Warning (13410): Pin "HEX4[7]" is stuck at GND File: C:/Users/goeva/Downloads/University/EECS3216/Labs/Navid Lab 2/DE10_LITE_Golden_Top.v Line: 73
    Warning (13410): Pin "HEX5[0]" is stuck at GND File: C:/Users/goeva/Downloads/University/EECS3216/Labs/Navid Lab 2/DE10_LITE_Golden_Top.v Line: 76
    Warning (13410): Pin "HEX5[1]" is stuck at GND File: C:/Users/goeva/Downloads/University/EECS3216/Labs/Navid Lab 2/DE10_LITE_Golden_Top.v Line: 76
    Warning (13410): Pin "HEX5[2]" is stuck at GND File: C:/Users/goeva/Downloads/University/EECS3216/Labs/Navid Lab 2/DE10_LITE_Golden_Top.v Line: 76
    Warning (13410): Pin "HEX5[3]" is stuck at GND File: C:/Users/goeva/Downloads/University/EECS3216/Labs/Navid Lab 2/DE10_LITE_Golden_Top.v Line: 76
    Warning (13410): Pin "HEX5[4]" is stuck at GND File: C:/Users/goeva/Downloads/University/EECS3216/Labs/Navid Lab 2/DE10_LITE_Golden_Top.v Line: 76
    Warning (13410): Pin "HEX5[5]" is stuck at GND File: C:/Users/goeva/Downloads/University/EECS3216/Labs/Navid Lab 2/DE10_LITE_Golden_Top.v Line: 76
    Warning (13410): Pin "HEX5[6]" is stuck at GND File: C:/Users/goeva/Downloads/University/EECS3216/Labs/Navid Lab 2/DE10_LITE_Golden_Top.v Line: 76
    Warning (13410): Pin "HEX5[7]" is stuck at GND File: C:/Users/goeva/Downloads/University/EECS3216/Labs/Navid Lab 2/DE10_LITE_Golden_Top.v Line: 76
    Warning (13410): Pin "LEDR[1]" is stuck at GND File: C:/Users/goeva/Downloads/University/EECS3216/Labs/Navid Lab 2/DE10_LITE_Golden_Top.v Line: 86
    Warning (13410): Pin "LEDR[2]" is stuck at GND File: C:/Users/goeva/Downloads/University/EECS3216/Labs/Navid Lab 2/DE10_LITE_Golden_Top.v Line: 86
    Warning (13410): Pin "LEDR[3]" is stuck at GND File: C:/Users/goeva/Downloads/University/EECS3216/Labs/Navid Lab 2/DE10_LITE_Golden_Top.v Line: 86
    Warning (13410): Pin "LEDR[4]" is stuck at GND File: C:/Users/goeva/Downloads/University/EECS3216/Labs/Navid Lab 2/DE10_LITE_Golden_Top.v Line: 86
    Warning (13410): Pin "LEDR[5]" is stuck at GND File: C:/Users/goeva/Downloads/University/EECS3216/Labs/Navid Lab 2/DE10_LITE_Golden_Top.v Line: 86
    Warning (13410): Pin "LEDR[6]" is stuck at GND File: C:/Users/goeva/Downloads/University/EECS3216/Labs/Navid Lab 2/DE10_LITE_Golden_Top.v Line: 86
    Warning (13410): Pin "LEDR[7]" is stuck at GND File: C:/Users/goeva/Downloads/University/EECS3216/Labs/Navid Lab 2/DE10_LITE_Golden_Top.v Line: 86
    Warning (13410): Pin "LEDR[8]" is stuck at GND File: C:/Users/goeva/Downloads/University/EECS3216/Labs/Navid Lab 2/DE10_LITE_Golden_Top.v Line: 86
    Warning (13410): Pin "LEDR[9]" is stuck at GND File: C:/Users/goeva/Downloads/University/EECS3216/Labs/Navid Lab 2/DE10_LITE_Golden_Top.v Line: 86
    Warning (13410): Pin "VGA_B[0]" is stuck at GND File: C:/Users/goeva/Downloads/University/EECS3216/Labs/Navid Lab 2/DE10_LITE_Golden_Top.v Line: 96
    Warning (13410): Pin "VGA_B[1]" is stuck at GND File: C:/Users/goeva/Downloads/University/EECS3216/Labs/Navid Lab 2/DE10_LITE_Golden_Top.v Line: 96
    Warning (13410): Pin "VGA_B[2]" is stuck at GND File: C:/Users/goeva/Downloads/University/EECS3216/Labs/Navid Lab 2/DE10_LITE_Golden_Top.v Line: 96
    Warning (13410): Pin "VGA_B[3]" is stuck at GND File: C:/Users/goeva/Downloads/University/EECS3216/Labs/Navid Lab 2/DE10_LITE_Golden_Top.v Line: 96
    Warning (13410): Pin "VGA_G[0]" is stuck at GND File: C:/Users/goeva/Downloads/University/EECS3216/Labs/Navid Lab 2/DE10_LITE_Golden_Top.v Line: 97
    Warning (13410): Pin "VGA_G[1]" is stuck at GND File: C:/Users/goeva/Downloads/University/EECS3216/Labs/Navid Lab 2/DE10_LITE_Golden_Top.v Line: 97
    Warning (13410): Pin "VGA_G[2]" is stuck at GND File: C:/Users/goeva/Downloads/University/EECS3216/Labs/Navid Lab 2/DE10_LITE_Golden_Top.v Line: 97
    Warning (13410): Pin "VGA_G[3]" is stuck at GND File: C:/Users/goeva/Downloads/University/EECS3216/Labs/Navid Lab 2/DE10_LITE_Golden_Top.v Line: 97
    Warning (13410): Pin "VGA_HS" is stuck at GND File: C:/Users/goeva/Downloads/University/EECS3216/Labs/Navid Lab 2/DE10_LITE_Golden_Top.v Line: 98
    Warning (13410): Pin "VGA_R[0]" is stuck at GND File: C:/Users/goeva/Downloads/University/EECS3216/Labs/Navid Lab 2/DE10_LITE_Golden_Top.v Line: 99
    Warning (13410): Pin "VGA_R[1]" is stuck at GND File: C:/Users/goeva/Downloads/University/EECS3216/Labs/Navid Lab 2/DE10_LITE_Golden_Top.v Line: 99
    Warning (13410): Pin "VGA_R[2]" is stuck at GND File: C:/Users/goeva/Downloads/University/EECS3216/Labs/Navid Lab 2/DE10_LITE_Golden_Top.v Line: 99
    Warning (13410): Pin "VGA_R[3]" is stuck at GND File: C:/Users/goeva/Downloads/University/EECS3216/Labs/Navid Lab 2/DE10_LITE_Golden_Top.v Line: 99
    Warning (13410): Pin "VGA_VS" is stuck at GND File: C:/Users/goeva/Downloads/University/EECS3216/Labs/Navid Lab 2/DE10_LITE_Golden_Top.v Line: 100
    Warning (13410): Pin "GSENSOR_CS_N" is stuck at GND File: C:/Users/goeva/Downloads/University/EECS3216/Labs/Navid Lab 2/DE10_LITE_Golden_Top.v Line: 105
    Warning (13410): Pin "GSENSOR_SCLK" is stuck at GND File: C:/Users/goeva/Downloads/University/EECS3216/Labs/Navid Lab 2/DE10_LITE_Golden_Top.v Line: 107
Info (286030): Timing-Driven Synthesis is running
Info (17049): 1 registers lost all their fanouts during netlist optimizations.
Info (17016): Found the following redundant logic cells in design
    Info (17048): Logic cell "pwm_modulated_sine:comb_3|lpm_divide:Div0|lpm_divide_avl:auto_generated|sign_div_unsign_9nh:divider|alt_u_div_ske:divider|add_sub_8_result_int[2]~14" File: C:/Users/goeva/Downloads/University/EECS3216/Labs/Navid Lab 2/db/alt_u_div_ske.tdf Line: 177
    Info (17048): Logic cell "pwm_modulated_sine:comb_3|lpm_divide:Div0|lpm_divide_avl:auto_generated|sign_div_unsign_9nh:divider|alt_u_div_ske:divider|add_sub_10_result_int[2]~18" File: C:/Users/goeva/Downloads/University/EECS3216/Labs/Navid Lab 2/db/alt_u_div_ske.tdf Line: 37
    Info (17048): Logic cell "pwm_modulated_sine:comb_3|lpm_divide:Div0|lpm_divide_avl:auto_generated|sign_div_unsign_9nh:divider|alt_u_div_ske:divider|add_sub_11_result_int[2]~20" File: C:/Users/goeva/Downloads/University/EECS3216/Labs/Navid Lab 2/db/alt_u_div_ske.tdf Line: 42
    Info (17048): Logic cell "pwm_modulated_sine:comb_3|lpm_divide:Div0|lpm_divide_avl:auto_generated|sign_div_unsign_9nh:divider|alt_u_div_ske:divider|add_sub_12_result_int[2]~22" File: C:/Users/goeva/Downloads/University/EECS3216/Labs/Navid Lab 2/db/alt_u_div_ske.tdf Line: 47
    Info (17048): Logic cell "pwm_modulated_sine:comb_3|lpm_divide:Div0|lpm_divide_avl:auto_generated|sign_div_unsign_9nh:divider|alt_u_div_ske:divider|op_4~24"
    Info (17048): Logic cell "pwm_modulated_sine:comb_3|lpm_divide:Div0|lpm_divide_avl:auto_generated|sign_div_unsign_9nh:divider|alt_u_div_ske:divider|add_sub_14_result_int[2]~26" File: C:/Users/goeva/Downloads/University/EECS3216/Labs/Navid Lab 2/db/alt_u_div_ske.tdf Line: 57
    Info (17048): Logic cell "pwm_modulated_sine:comb_3|lpm_divide:Div0|lpm_divide_avl:auto_generated|sign_div_unsign_9nh:divider|alt_u_div_ske:divider|add_sub_16_result_int[2]~30" File: C:/Users/goeva/Downloads/University/EECS3216/Labs/Navid Lab 2/db/alt_u_div_ske.tdf Line: 67
    Info (17048): Logic cell "pwm_modulated_sine:comb_3|lpm_divide:Div0|lpm_divide_avl:auto_generated|sign_div_unsign_9nh:divider|alt_u_div_ske:divider|add_sub_18_result_int[2]~34" File: C:/Users/goeva/Downloads/University/EECS3216/Labs/Navid Lab 2/db/alt_u_div_ske.tdf Line: 77
    Info (17048): Logic cell "pwm_modulated_sine:comb_3|lpm_divide:Div0|lpm_divide_avl:auto_generated|sign_div_unsign_9nh:divider|alt_u_div_ske:divider|add_sub_19_result_int[2]~36" File: C:/Users/goeva/Downloads/University/EECS3216/Labs/Navid Lab 2/db/alt_u_div_ske.tdf Line: 82
    Info (17048): Logic cell "pwm_modulated_sine:comb_3|lpm_divide:Div0|lpm_divide_avl:auto_generated|sign_div_unsign_9nh:divider|alt_u_div_ske:divider|op_12~38"
    Info (17048): Logic cell "pwm_modulated_sine:comb_3|lpm_divide:Div0|lpm_divide_avl:auto_generated|sign_div_unsign_9nh:divider|alt_u_div_ske:divider|op_13~40"
    Info (17048): Logic cell "pwm_modulated_sine:comb_3|lpm_divide:Div0|lpm_divide_avl:auto_generated|sign_div_unsign_9nh:divider|alt_u_div_ske:divider|op_18~50"
Info (16010): Generating hard_block partition "hard_block:auto_generated_inst"
    Info (16011): Adding 0 node(s), including 0 DDIO, 0 PLL, 0 transceiver and 0 LCELL
Warning (21074): Design contains 13 input pin(s) that do not drive logic
    Warning (15610): No output dependent on input pin "ADC_CLK_10" File: C:/Users/goeva/Downloads/University/EECS3216/Labs/Navid Lab 2/DE10_LITE_Golden_Top.v Line: 33
    Warning (15610): No output dependent on input pin "MAX10_CLK2_50" File: C:/Users/goeva/Downloads/University/EECS3216/Labs/Navid Lab 2/DE10_LITE_Golden_Top.v Line: 41
    Warning (15610): No output dependent on input pin "SW[1]" File: C:/Users/goeva/Downloads/University/EECS3216/Labs/Navid Lab 2/DE10_LITE_Golden_Top.v Line: 91
    Warning (15610): No output dependent on input pin "SW[2]" File: C:/Users/goeva/Downloads/University/EECS3216/Labs/Navid Lab 2/DE10_LITE_Golden_Top.v Line: 91
    Warning (15610): No output dependent on input pin "SW[3]" File: C:/Users/goeva/Downloads/University/EECS3216/Labs/Navid Lab 2/DE10_LITE_Golden_Top.v Line: 91
    Warning (15610): No output dependent on input pin "SW[4]" File: C:/Users/goeva/Downloads/University/EECS3216/Labs/Navid Lab 2/DE10_LITE_Golden_Top.v Line: 91
    Warning (15610): No output dependent on input pin "SW[5]" File: C:/Users/goeva/Downloads/University/EECS3216/Labs/Navid Lab 2/DE10_LITE_Golden_Top.v Line: 91
    Warning (15610): No output dependent on input pin "SW[6]" File: C:/Users/goeva/Downloads/University/EECS3216/Labs/Navid Lab 2/DE10_LITE_Golden_Top.v Line: 91
    Warning (15610): No output dependent on input pin "SW[7]" File: C:/Users/goeva/Downloads/University/EECS3216/Labs/Navid Lab 2/DE10_LITE_Golden_Top.v Line: 91
    Warning (15610): No output dependent on input pin "SW[8]" File: C:/Users/goeva/Downloads/University/EECS3216/Labs/Navid Lab 2/DE10_LITE_Golden_Top.v Line: 91
    Warning (15610): No output dependent on input pin "SW[9]" File: C:/Users/goeva/Downloads/University/EECS3216/Labs/Navid Lab 2/DE10_LITE_Golden_Top.v Line: 91
    Warning (15610): No output dependent on input pin "GSENSOR_INT[1]" File: C:/Users/goeva/Downloads/University/EECS3216/Labs/Navid Lab 2/DE10_LITE_Golden_Top.v Line: 106
    Warning (15610): No output dependent on input pin "GSENSOR_INT[2]" File: C:/Users/goeva/Downloads/University/EECS3216/Labs/Navid Lab 2/DE10_LITE_Golden_Top.v Line: 106
Info (21057): Implemented 2845 device resources after synthesis - the final resource count might be different
    Info (21058): Implemented 17 input pins
    Info (21059): Implemented 97 output pins
    Info (21060): Implemented 71 bidirectional pins
    Info (21061): Implemented 2658 logic cells
    Info (21062): Implemented 2 DSP elements
Info: Quartus Prime Analysis & Synthesis was successful. 0 errors, 223 warnings
    Info: Peak virtual memory: 4807 megabytes
    Info: Processing ended: Thu Feb 27 17:56:55 2025
    Info: Elapsed time: 00:00:26
    Info: Total CPU time (on all processors): 00:00:34


