Analysis & Synthesis report for Lab1
Sun Jan 26 11:45:59 2025
Quartus Prime Version 23.1std.1 Build 993 05/14/2024 SC Lite Edition


---------------------
; Table of Contents ;
---------------------
  1. Legal Notice
  2. Analysis & Synthesis Summary
  3. Analysis & Synthesis Settings
  4. Parallel Compilation
  5. Analysis & Synthesis Source Files Read
  6. Analysis & Synthesis Resource Usage Summary
  7. Analysis & Synthesis Resource Utilization by Entity
  8. Analysis & Synthesis DSP Block Usage Summary
  9. General Register Statistics
 10. Parameter Settings for Inferred Entity Instance: lpm_divide:Mod0
 11. Parameter Settings for Inferred Entity Instance: lpm_divide:Div0
 12. Parameter Settings for Inferred Entity Instance: lpm_divide:Mod1
 13. Parameter Settings for Inferred Entity Instance: lpm_divide:Div1
 14. Parameter Settings for Inferred Entity Instance: lpm_divide:Mod2
 15. Parameter Settings for Inferred Entity Instance: lpm_divide:Div2
 16. Parameter Settings for Inferred Entity Instance: lpm_divide:Mod3
 17. Parameter Settings for Inferred Entity Instance: lpm_mult:Mult0
 18. lpm_mult Parameter Settings by Entity Instance
 19. Post-Synthesis Netlist Statistics for Top Partition
 20. Elapsed Time Per Partition
 21. Analysis & Synthesis Messages



----------------
; Legal Notice ;
----------------
Copyright (C) 2024  Intel Corporation. All rights reserved.
Your use of Intel Corporation's design tools, logic functions 
and other software and tools, and any partner logic 
functions, and any output files from any of the foregoing 
(including device programming or simulation files), and any 
associated documentation or information are expressly subject 
to the terms and conditions of the Intel Program License 
Subscription Agreement, the Intel Quartus Prime License Agreement,
the Intel FPGA IP License Agreement, or other applicable license
agreement, including, without limitation, that your use is for
the sole purpose of programming logic devices manufactured by
Intel and sold by Intel or its authorized distributors.  Please
refer to the applicable agreement for further details, at
https://fpgasoftware.intel.com/eula.



+-------------------------------------------------------------------------------------+
; Analysis & Synthesis Summary                                                        ;
+------------------------------------+------------------------------------------------+
; Analysis & Synthesis Status        ; Successful - Sun Jan 26 11:45:59 2025          ;
; Quartus Prime Version              ; 23.1std.1 Build 993 05/14/2024 SC Lite Edition ;
; Revision Name                      ; Lab1                                           ;
; Top-level Entity Name              ; Lab1                                           ;
; Family                             ; MAX 10                                         ;
; Total logic elements               ; 1,557                                          ;
;     Total combinational functions  ; 1,538                                          ;
;     Dedicated logic registers      ; 21                                             ;
; Total registers                    ; 21                                             ;
; Total pins                         ; 47                                             ;
; Total virtual pins                 ; 0                                              ;
; Total memory bits                  ; 0                                              ;
; Embedded Multiplier 9-bit elements ; 4                                              ;
; Total PLLs                         ; 0                                              ;
; UFM blocks                         ; 0                                              ;
; ADC blocks                         ; 0                                              ;
+------------------------------------+------------------------------------------------+


+------------------------------------------------------------------------------------------------------------+
; Analysis & Synthesis Settings                                                                              ;
+------------------------------------------------------------------+--------------------+--------------------+
; Option                                                           ; Setting            ; Default Value      ;
+------------------------------------------------------------------+--------------------+--------------------+
; Device                                                           ; 10M50DAF484C6GES   ;                    ;
; Top-level entity name                                            ; Lab1               ; Lab1               ;
; Family name                                                      ; MAX 10             ; Cyclone V          ;
; Use smart compilation                                            ; Off                ; Off                ;
; Enable parallel Assembler and Timing Analyzer during compilation ; On                 ; On                 ;
; Enable compact report table                                      ; Off                ; Off                ;
; Restructure Multiplexers                                         ; Auto               ; Auto               ;
; Create Debugging Nodes for IP Cores                              ; Off                ; Off                ;
; Preserve fewer node names                                        ; On                 ; On                 ;
; Intel FPGA IP Evaluation Mode                                    ; Enable             ; Enable             ;
; Verilog Version                                                  ; Verilog_2001       ; Verilog_2001       ;
; VHDL Version                                                     ; VHDL_1993          ; VHDL_1993          ;
; State Machine Processing                                         ; Auto               ; Auto               ;
; Safe State Machine                                               ; Off                ; Off                ;
; Extract Verilog State Machines                                   ; On                 ; On                 ;
; Extract VHDL State Machines                                      ; On                 ; On                 ;
; Ignore Verilog initial constructs                                ; Off                ; Off                ;
; Iteration limit for constant Verilog loops                       ; 5000               ; 5000               ;
; Iteration limit for non-constant Verilog loops                   ; 250                ; 250                ;
; Add Pass-Through Logic to Inferred RAMs                          ; On                 ; On                 ;
; Infer RAMs from Raw Logic                                        ; On                 ; On                 ;
; Parallel Synthesis                                               ; On                 ; On                 ;
; DSP Block Balancing                                              ; Auto               ; Auto               ;
; NOT Gate Push-Back                                               ; On                 ; On                 ;
; Power-Up Don't Care                                              ; On                 ; On                 ;
; Remove Redundant Logic Cells                                     ; Off                ; Off                ;
; Remove Duplicate Registers                                       ; On                 ; On                 ;
; Ignore CARRY Buffers                                             ; Off                ; Off                ;
; Ignore CASCADE Buffers                                           ; Off                ; Off                ;
; Ignore GLOBAL Buffers                                            ; Off                ; Off                ;
; Ignore ROW GLOBAL Buffers                                        ; Off                ; Off                ;
; Ignore LCELL Buffers                                             ; Off                ; Off                ;
; Ignore SOFT Buffers                                              ; On                 ; On                 ;
; Limit AHDL Integers to 32 Bits                                   ; Off                ; Off                ;
; Optimization Technique                                           ; Balanced           ; Balanced           ;
; Carry Chain Length                                               ; 70                 ; 70                 ;
; Auto Carry Chains                                                ; On                 ; On                 ;
; Auto Open-Drain Pins                                             ; On                 ; On                 ;
; Perform WYSIWYG Primitive Resynthesis                            ; Off                ; Off                ;
; Auto ROM Replacement                                             ; On                 ; On                 ;
; Auto RAM Replacement                                             ; On                 ; On                 ;
; Auto DSP Block Replacement                                       ; On                 ; On                 ;
; Auto Shift Register Replacement                                  ; Auto               ; Auto               ;
; Allow Shift Register Merging across Hierarchies                  ; Auto               ; Auto               ;
; Auto Clock Enable Replacement                                    ; On                 ; On                 ;
; Strict RAM Replacement                                           ; Off                ; Off                ;
; Allow Synchronous Control Signals                                ; On                 ; On                 ;
; Force Use of Synchronous Clear Signals                           ; Off                ; Off                ;
; Auto RAM Block Balancing                                         ; On                 ; On                 ;
; Auto RAM to Logic Cell Conversion                                ; Off                ; Off                ;
; Auto Resource Sharing                                            ; Off                ; Off                ;
; Allow Any RAM Size For Recognition                               ; Off                ; Off                ;
; Allow Any ROM Size For Recognition                               ; Off                ; Off                ;
; Allow Any Shift Register Size For Recognition                    ; Off                ; Off                ;
; Use LogicLock Constraints during Resource Balancing              ; On                 ; On                 ;
; Ignore translate_off and synthesis_off directives                ; Off                ; Off                ;
; Timing-Driven Synthesis                                          ; On                 ; On                 ;
; Report Parameter Settings                                        ; On                 ; On                 ;
; Report Source Assignments                                        ; On                 ; On                 ;
; Report Connectivity Checks                                       ; On                 ; On                 ;
; Ignore Maximum Fan-Out Assignments                               ; Off                ; Off                ;
; Synchronization Register Chain Length                            ; 2                  ; 2                  ;
; Power Optimization During Synthesis                              ; Normal compilation ; Normal compilation ;
; HDL message level                                                ; Level2             ; Level2             ;
; Suppress Register Optimization Related Messages                  ; Off                ; Off                ;
; Number of Removed Registers Reported in Synthesis Report         ; 5000               ; 5000               ;
; Number of Swept Nodes Reported in Synthesis Report               ; 5000               ; 5000               ;
; Number of Inverted Registers Reported in Synthesis Report        ; 100                ; 100                ;
; Clock MUX Protection                                             ; On                 ; On                 ;
; Auto Gated Clock Conversion                                      ; Off                ; Off                ;
; Block Design Naming                                              ; Auto               ; Auto               ;
; SDC constraint protection                                        ; Off                ; Off                ;
; Synthesis Effort                                                 ; Auto               ; Auto               ;
; Shift Register Replacement - Allow Asynchronous Clear Signal     ; On                 ; On                 ;
; Pre-Mapping Resynthesis Optimization                             ; Off                ; Off                ;
; Analysis & Synthesis Message Level                               ; Medium             ; Medium             ;
; Disable Register Merging Across Hierarchies                      ; Auto               ; Auto               ;
; Resource Aware Inference For Block RAM                           ; On                 ; On                 ;
+------------------------------------------------------------------+--------------------+--------------------+


+------------------------------------------+
; Parallel Compilation                     ;
+----------------------------+-------------+
; Processors                 ; Number      ;
+----------------------------+-------------+
; Number detected on machine ; 8           ;
; Maximum allowed            ; 4           ;
;                            ;             ;
; Average used               ; 1.00        ;
; Maximum used               ; 4           ;
;                            ;             ;
; Usage by Processor         ; % Time Used ;
;     Processor 1            ; 100.0%      ;
;     Processors 2-4         ;   0.0%      ;
+----------------------------+-------------+


+----------------------------------------------------------------------------------------------------------------------------------------------------------------------------------+
; Analysis & Synthesis Source Files Read                                                                                                                                           ;
+----------------------------------+-----------------+------------------------------+------------------------------------------------------------------------------------+---------+
; File Name with User-Entered Path ; Used in Netlist ; File Type                    ; File Name with Absolute Path                                                       ; Library ;
+----------------------------------+-----------------+------------------------------+------------------------------------------------------------------------------------+---------+
; Lab1.v                           ; yes             ; User Verilog HDL File        ; C:/Users/goeva/Downloads/University/EECS3216/Labs/Lab 1/Lab1.v                     ;         ;
; lpm_divide.tdf                   ; yes             ; Megafunction                 ; c:/intelfpga_lite/23.1std/quartus/libraries/megafunctions/lpm_divide.tdf           ;         ;
; abs_divider.inc                  ; yes             ; Megafunction                 ; c:/intelfpga_lite/23.1std/quartus/libraries/megafunctions/abs_divider.inc          ;         ;
; sign_div_unsign.inc              ; yes             ; Megafunction                 ; c:/intelfpga_lite/23.1std/quartus/libraries/megafunctions/sign_div_unsign.inc      ;         ;
; aglobal231.inc                   ; yes             ; Megafunction                 ; c:/intelfpga_lite/23.1std/quartus/libraries/megafunctions/aglobal231.inc           ;         ;
; db/lpm_divide_mll.tdf            ; yes             ; Auto-Generated Megafunction  ; C:/Users/goeva/Downloads/University/EECS3216/Labs/Lab 1/db/lpm_divide_mll.tdf      ;         ;
; db/sign_div_unsign_llh.tdf       ; yes             ; Auto-Generated Megafunction  ; C:/Users/goeva/Downloads/University/EECS3216/Labs/Lab 1/db/sign_div_unsign_llh.tdf ;         ;
; db/alt_u_div_khe.tdf             ; yes             ; Auto-Generated Megafunction  ; C:/Users/goeva/Downloads/University/EECS3216/Labs/Lab 1/db/alt_u_div_khe.tdf       ;         ;
; db/add_sub_t3c.tdf               ; yes             ; Auto-Generated Megafunction  ; C:/Users/goeva/Downloads/University/EECS3216/Labs/Lab 1/db/add_sub_t3c.tdf         ;         ;
; db/add_sub_u3c.tdf               ; yes             ; Auto-Generated Megafunction  ; C:/Users/goeva/Downloads/University/EECS3216/Labs/Lab 1/db/add_sub_u3c.tdf         ;         ;
; db/lpm_divide_jtl.tdf            ; yes             ; Auto-Generated Megafunction  ; C:/Users/goeva/Downloads/University/EECS3216/Labs/Lab 1/db/lpm_divide_jtl.tdf      ;         ;
; db/lpm_divide_ntl.tdf            ; yes             ; Auto-Generated Megafunction  ; C:/Users/goeva/Downloads/University/EECS3216/Labs/Lab 1/db/lpm_divide_ntl.tdf      ;         ;
; db/sign_div_unsign_plh.tdf       ; yes             ; Auto-Generated Megafunction  ; C:/Users/goeva/Downloads/University/EECS3216/Labs/Lab 1/db/sign_div_unsign_plh.tdf ;         ;
; db/alt_u_div_rhe.tdf             ; yes             ; Auto-Generated Megafunction  ; C:/Users/goeva/Downloads/University/EECS3216/Labs/Lab 1/db/alt_u_div_rhe.tdf       ;         ;
; db/lpm_divide_0vl.tdf            ; yes             ; Auto-Generated Megafunction  ; C:/Users/goeva/Downloads/University/EECS3216/Labs/Lab 1/db/lpm_divide_0vl.tdf      ;         ;
; db/sign_div_unsign_2nh.tdf       ; yes             ; Auto-Generated Megafunction  ; C:/Users/goeva/Downloads/University/EECS3216/Labs/Lab 1/db/sign_div_unsign_2nh.tdf ;         ;
; db/alt_u_div_eke.tdf             ; yes             ; Auto-Generated Megafunction  ; C:/Users/goeva/Downloads/University/EECS3216/Labs/Lab 1/db/alt_u_div_eke.tdf       ;         ;
; lpm_mult.tdf                     ; yes             ; Megafunction                 ; c:/intelfpga_lite/23.1std/quartus/libraries/megafunctions/lpm_mult.tdf             ;         ;
; lpm_add_sub.inc                  ; yes             ; Megafunction                 ; c:/intelfpga_lite/23.1std/quartus/libraries/megafunctions/lpm_add_sub.inc          ;         ;
; multcore.inc                     ; yes             ; Megafunction                 ; c:/intelfpga_lite/23.1std/quartus/libraries/megafunctions/multcore.inc             ;         ;
; bypassff.inc                     ; yes             ; Megafunction                 ; c:/intelfpga_lite/23.1std/quartus/libraries/megafunctions/bypassff.inc             ;         ;
; altshift.inc                     ; yes             ; Megafunction                 ; c:/intelfpga_lite/23.1std/quartus/libraries/megafunctions/altshift.inc             ;         ;
; db/mult_fns.tdf                  ; yes             ; Auto-Generated Megafunction  ; C:/Users/goeva/Downloads/University/EECS3216/Labs/Lab 1/db/mult_fns.tdf            ;         ;
+----------------------------------+-----------------+------------------------------+------------------------------------------------------------------------------------+---------+


+-----------------------------------------------------------+
; Analysis & Synthesis Resource Usage Summary               ;
+---------------------------------------------+-------------+
; Resource                                    ; Usage       ;
+---------------------------------------------+-------------+
; Estimated Total logic elements              ; 1,557       ;
;                                             ;             ;
; Total combinational functions               ; 1538        ;
; Logic element usage by number of LUT inputs ;             ;
;     -- 4 input functions                    ; 314         ;
;     -- 3 input functions                    ; 411         ;
;     -- <=2 input functions                  ; 813         ;
;                                             ;             ;
; Logic elements by mode                      ;             ;
;     -- normal mode                          ; 1101        ;
;     -- arithmetic mode                      ; 437         ;
;                                             ;             ;
; Total registers                             ; 21          ;
;     -- Dedicated logic registers            ; 21          ;
;     -- I/O registers                        ; 0           ;
;                                             ;             ;
; I/O pins                                    ; 47          ;
;                                             ;             ;
; Embedded Multiplier 9-bit elements          ; 4           ;
;                                             ;             ;
; Maximum fan-out node                        ; LessThan0~4 ;
; Maximum fan-out                             ; 33          ;
; Total fan-out                               ; 4109        ;
; Average fan-out                             ; 2.48        ;
+---------------------------------------------+-------------+


+------------------------------------------------------------------------------------------------------------------------------------------------------------------------------------------------------------------------------------------------------------------------------------------------------------------------------------------+
; Analysis & Synthesis Resource Utilization by Entity                                                                                                                                                                                                                                                                                      ;
+----------------------------------------+---------------------+---------------------------+-------------+------------+--------------+---------+-----------+------+--------------+------------+-------------------------------------------------------------------------------------------------------+---------------------+--------------+
; Compilation Hierarchy Node             ; Combinational ALUTs ; Dedicated Logic Registers ; Memory Bits ; UFM Blocks ; DSP Elements ; DSP 9x9 ; DSP 18x18 ; Pins ; Virtual Pins ; ADC blocks ; Full Hierarchy Name                                                                                   ; Entity Name         ; Library Name ;
+----------------------------------------+---------------------+---------------------------+-------------+------------+--------------+---------+-----------+------+--------------+------------+-------------------------------------------------------------------------------------------------------+---------------------+--------------+
; |Lab1                                  ; 1538 (61)           ; 21 (21)                   ; 0           ; 0          ; 4            ; 0       ; 2         ; 47   ; 0            ; 0          ; |Lab1                                                                                                 ; Lab1                ; work         ;
;    |lpm_divide:Div0|                   ; 212 (0)             ; 0 (0)                     ; 0           ; 0          ; 0            ; 0       ; 0         ; 0    ; 0            ; 0          ; |Lab1|lpm_divide:Div0                                                                                 ; lpm_divide          ; work         ;
;       |lpm_divide_jtl:auto_generated|  ; 212 (0)             ; 0 (0)                     ; 0           ; 0          ; 0            ; 0       ; 0         ; 0    ; 0            ; 0          ; |Lab1|lpm_divide:Div0|lpm_divide_jtl:auto_generated                                                   ; lpm_divide_jtl      ; work         ;
;          |sign_div_unsign_llh:divider| ; 212 (0)             ; 0 (0)                     ; 0           ; 0          ; 0            ; 0       ; 0         ; 0    ; 0            ; 0          ; |Lab1|lpm_divide:Div0|lpm_divide_jtl:auto_generated|sign_div_unsign_llh:divider                       ; sign_div_unsign_llh ; work         ;
;             |alt_u_div_khe:divider|    ; 212 (212)           ; 0 (0)                     ; 0           ; 0          ; 0            ; 0       ; 0         ; 0    ; 0            ; 0          ; |Lab1|lpm_divide:Div0|lpm_divide_jtl:auto_generated|sign_div_unsign_llh:divider|alt_u_div_khe:divider ; alt_u_div_khe       ; work         ;
;    |lpm_divide:Div1|                   ; 289 (0)             ; 0 (0)                     ; 0           ; 0          ; 0            ; 0       ; 0         ; 0    ; 0            ; 0          ; |Lab1|lpm_divide:Div1                                                                                 ; lpm_divide          ; work         ;
;       |lpm_divide_ntl:auto_generated|  ; 289 (0)             ; 0 (0)                     ; 0           ; 0          ; 0            ; 0       ; 0         ; 0    ; 0            ; 0          ; |Lab1|lpm_divide:Div1|lpm_divide_ntl:auto_generated                                                   ; lpm_divide_ntl      ; work         ;
;          |sign_div_unsign_plh:divider| ; 289 (0)             ; 0 (0)                     ; 0           ; 0          ; 0            ; 0       ; 0         ; 0    ; 0            ; 0          ; |Lab1|lpm_divide:Div1|lpm_divide_ntl:auto_generated|sign_div_unsign_plh:divider                       ; sign_div_unsign_plh ; work         ;
;             |alt_u_div_rhe:divider|    ; 289 (289)           ; 0 (0)                     ; 0           ; 0          ; 0            ; 0       ; 0         ; 0    ; 0            ; 0          ; |Lab1|lpm_divide:Div1|lpm_divide_ntl:auto_generated|sign_div_unsign_plh:divider|alt_u_div_rhe:divider ; alt_u_div_rhe       ; work         ;
;    |lpm_divide:Div2|                   ; 309 (0)             ; 0 (0)                     ; 0           ; 0          ; 0            ; 0       ; 0         ; 0    ; 0            ; 0          ; |Lab1|lpm_divide:Div2                                                                                 ; lpm_divide          ; work         ;
;       |lpm_divide_0vl:auto_generated|  ; 309 (0)             ; 0 (0)                     ; 0           ; 0          ; 0            ; 0       ; 0         ; 0    ; 0            ; 0          ; |Lab1|lpm_divide:Div2|lpm_divide_0vl:auto_generated                                                   ; lpm_divide_0vl      ; work         ;
;          |sign_div_unsign_2nh:divider| ; 309 (0)             ; 0 (0)                     ; 0           ; 0          ; 0            ; 0       ; 0         ; 0    ; 0            ; 0          ; |Lab1|lpm_divide:Div2|lpm_divide_0vl:auto_generated|sign_div_unsign_2nh:divider                       ; sign_div_unsign_2nh ; work         ;
;             |alt_u_div_eke:divider|    ; 309 (309)           ; 0 (0)                     ; 0           ; 0          ; 0            ; 0       ; 0         ; 0    ; 0            ; 0          ; |Lab1|lpm_divide:Div2|lpm_divide_0vl:auto_generated|sign_div_unsign_2nh:divider|alt_u_div_eke:divider ; alt_u_div_eke       ; work         ;
;    |lpm_divide:Mod0|                   ; 215 (0)             ; 0 (0)                     ; 0           ; 0          ; 0            ; 0       ; 0         ; 0    ; 0            ; 0          ; |Lab1|lpm_divide:Mod0                                                                                 ; lpm_divide          ; work         ;
;       |lpm_divide_mll:auto_generated|  ; 215 (0)             ; 0 (0)                     ; 0           ; 0          ; 0            ; 0       ; 0         ; 0    ; 0            ; 0          ; |Lab1|lpm_divide:Mod0|lpm_divide_mll:auto_generated                                                   ; lpm_divide_mll      ; work         ;
;          |sign_div_unsign_llh:divider| ; 215 (0)             ; 0 (0)                     ; 0           ; 0          ; 0            ; 0       ; 0         ; 0    ; 0            ; 0          ; |Lab1|lpm_divide:Mod0|lpm_divide_mll:auto_generated|sign_div_unsign_llh:divider                       ; sign_div_unsign_llh ; work         ;
;             |alt_u_div_khe:divider|    ; 215 (215)           ; 0 (0)                     ; 0           ; 0          ; 0            ; 0       ; 0         ; 0    ; 0            ; 0          ; |Lab1|lpm_divide:Mod0|lpm_divide_mll:auto_generated|sign_div_unsign_llh:divider|alt_u_div_khe:divider ; alt_u_div_khe       ; work         ;
;    |lpm_divide:Mod1|                   ; 192 (0)             ; 0 (0)                     ; 0           ; 0          ; 0            ; 0       ; 0         ; 0    ; 0            ; 0          ; |Lab1|lpm_divide:Mod1                                                                                 ; lpm_divide          ; work         ;
;       |lpm_divide_mll:auto_generated|  ; 192 (0)             ; 0 (0)                     ; 0           ; 0          ; 0            ; 0       ; 0         ; 0    ; 0            ; 0          ; |Lab1|lpm_divide:Mod1|lpm_divide_mll:auto_generated                                                   ; lpm_divide_mll      ; work         ;
;          |sign_div_unsign_llh:divider| ; 192 (0)             ; 0 (0)                     ; 0           ; 0          ; 0            ; 0       ; 0         ; 0    ; 0            ; 0          ; |Lab1|lpm_divide:Mod1|lpm_divide_mll:auto_generated|sign_div_unsign_llh:divider                       ; sign_div_unsign_llh ; work         ;
;             |alt_u_div_khe:divider|    ; 192 (192)           ; 0 (0)                     ; 0           ; 0          ; 0            ; 0       ; 0         ; 0    ; 0            ; 0          ; |Lab1|lpm_divide:Mod1|lpm_divide_mll:auto_generated|sign_div_unsign_llh:divider|alt_u_div_khe:divider ; alt_u_div_khe       ; work         ;
;    |lpm_divide:Mod2|                   ; 150 (0)             ; 0 (0)                     ; 0           ; 0          ; 0            ; 0       ; 0         ; 0    ; 0            ; 0          ; |Lab1|lpm_divide:Mod2                                                                                 ; lpm_divide          ; work         ;
;       |lpm_divide_mll:auto_generated|  ; 150 (0)             ; 0 (0)                     ; 0           ; 0          ; 0            ; 0       ; 0         ; 0    ; 0            ; 0          ; |Lab1|lpm_divide:Mod2|lpm_divide_mll:auto_generated                                                   ; lpm_divide_mll      ; work         ;
;          |sign_div_unsign_llh:divider| ; 150 (0)             ; 0 (0)                     ; 0           ; 0          ; 0            ; 0       ; 0         ; 0    ; 0            ; 0          ; |Lab1|lpm_divide:Mod2|lpm_divide_mll:auto_generated|sign_div_unsign_llh:divider                       ; sign_div_unsign_llh ; work         ;
;             |alt_u_div_khe:divider|    ; 150 (150)           ; 0 (0)                     ; 0           ; 0          ; 0            ; 0       ; 0         ; 0    ; 0            ; 0          ; |Lab1|lpm_divide:Mod2|lpm_divide_mll:auto_generated|sign_div_unsign_llh:divider|alt_u_div_khe:divider ; alt_u_div_khe       ; work         ;
;    |lpm_divide:Mod3|                   ; 108 (0)             ; 0 (0)                     ; 0           ; 0          ; 0            ; 0       ; 0         ; 0    ; 0            ; 0          ; |Lab1|lpm_divide:Mod3                                                                                 ; lpm_divide          ; work         ;
;       |lpm_divide_mll:auto_generated|  ; 108 (0)             ; 0 (0)                     ; 0           ; 0          ; 0            ; 0       ; 0         ; 0    ; 0            ; 0          ; |Lab1|lpm_divide:Mod3|lpm_divide_mll:auto_generated                                                   ; lpm_divide_mll      ; work         ;
;          |sign_div_unsign_llh:divider| ; 108 (0)             ; 0 (0)                     ; 0           ; 0          ; 0            ; 0       ; 0         ; 0    ; 0            ; 0          ; |Lab1|lpm_divide:Mod3|lpm_divide_mll:auto_generated|sign_div_unsign_llh:divider                       ; sign_div_unsign_llh ; work         ;
;             |alt_u_div_khe:divider|    ; 108 (108)           ; 0 (0)                     ; 0           ; 0          ; 0            ; 0       ; 0         ; 0    ; 0            ; 0          ; |Lab1|lpm_divide:Mod3|lpm_divide_mll:auto_generated|sign_div_unsign_llh:divider|alt_u_div_khe:divider ; alt_u_div_khe       ; work         ;
;    |lpm_mult:Mult0|                    ; 2 (0)               ; 0 (0)                     ; 0           ; 0          ; 4            ; 0       ; 2         ; 0    ; 0            ; 0          ; |Lab1|lpm_mult:Mult0                                                                                  ; lpm_mult            ; work         ;
;       |mult_fns:auto_generated|        ; 2 (2)               ; 0 (0)                     ; 0           ; 0          ; 4            ; 0       ; 2         ; 0    ; 0            ; 0          ; |Lab1|lpm_mult:Mult0|mult_fns:auto_generated                                                          ; mult_fns            ; work         ;
+----------------------------------------+---------------------+---------------------------+-------------+------------+--------------+---------+-----------+------+--------------+------------+-------------------------------------------------------------------------------------------------------+---------------------+--------------+
Note: For table entries with two numbers listed, the numbers in parentheses indicate the number of resources of the given type used by the specific entity alone. The numbers listed outside of parentheses indicate the total resources of the given type used by the specific entity and all of its sub-entities in the hierarchy.


+-----------------------------------------------------+
; Analysis & Synthesis DSP Block Usage Summary        ;
+---------------------------------------+-------------+
; Statistic                             ; Number Used ;
+---------------------------------------+-------------+
; Simple Multipliers (9-bit)            ; 0           ;
; Simple Multipliers (18-bit)           ; 2           ;
; Embedded Multiplier Blocks            ; --          ;
; Embedded Multiplier 9-bit elements    ; 4           ;
; Signed Embedded Multipliers           ; 0           ;
; Unsigned Embedded Multipliers         ; 2           ;
; Mixed Sign Embedded Multipliers       ; 0           ;
; Variable Sign Embedded Multipliers    ; 0           ;
; Dedicated Input Shift Register Chains ; 0           ;
+---------------------------------------+-------------+
Note: number of Embedded Multiplier Blocks used is only available after a successful fit.


+------------------------------------------------------+
; General Register Statistics                          ;
+----------------------------------------------+-------+
; Statistic                                    ; Value ;
+----------------------------------------------+-------+
; Total registers                              ; 21    ;
; Number of registers using Synchronous Clear  ; 10    ;
; Number of registers using Synchronous Load   ; 10    ;
; Number of registers using Asynchronous Clear ; 21    ;
; Number of registers using Asynchronous Load  ; 0     ;
; Number of registers using Clock Enable       ; 0     ;
; Number of registers using Preset             ; 0     ;
+----------------------------------------------+-------+


+------------------------------------------------------------------+
; Parameter Settings for Inferred Entity Instance: lpm_divide:Mod0 ;
+------------------------+----------------+------------------------+
; Parameter Name         ; Value          ; Type                   ;
+------------------------+----------------+------------------------+
; LPM_WIDTHN             ; 20             ; Untyped                ;
; LPM_WIDTHD             ; 4              ; Untyped                ;
; LPM_NREPRESENTATION    ; UNSIGNED       ; Untyped                ;
; LPM_DREPRESENTATION    ; UNSIGNED       ; Untyped                ;
; LPM_PIPELINE           ; 0              ; Untyped                ;
; LPM_REMAINDERPOSITIVE  ; TRUE           ; Untyped                ;
; MAXIMIZE_SPEED         ; 5              ; Untyped                ;
; CBXI_PARAMETER         ; lpm_divide_mll ; Untyped                ;
; CARRY_CHAIN            ; MANUAL         ; Untyped                ;
; OPTIMIZE_FOR_SPEED     ; 5              ; Untyped                ;
; AUTO_CARRY_CHAINS      ; ON             ; AUTO_CARRY             ;
; IGNORE_CARRY_BUFFERS   ; OFF            ; IGNORE_CARRY           ;
; AUTO_CASCADE_CHAINS    ; ON             ; AUTO_CASCADE           ;
; IGNORE_CASCADE_BUFFERS ; OFF            ; IGNORE_CASCADE         ;
+------------------------+----------------+------------------------+
Note: In order to hide this table in the UI and the text report file, please set the "Show Parameter Settings in Synthesis Report" option in "Analysis and Synthesis Settings -> More Settings" to "Off".


+------------------------------------------------------------------+
; Parameter Settings for Inferred Entity Instance: lpm_divide:Div0 ;
+------------------------+----------------+------------------------+
; Parameter Name         ; Value          ; Type                   ;
+------------------------+----------------+------------------------+
; LPM_WIDTHN             ; 20             ; Untyped                ;
; LPM_WIDTHD             ; 4              ; Untyped                ;
; LPM_NREPRESENTATION    ; UNSIGNED       ; Untyped                ;
; LPM_DREPRESENTATION    ; UNSIGNED       ; Untyped                ;
; LPM_PIPELINE           ; 0              ; Untyped                ;
; LPM_REMAINDERPOSITIVE  ; TRUE           ; Untyped                ;
; MAXIMIZE_SPEED         ; 5              ; Untyped                ;
; CBXI_PARAMETER         ; lpm_divide_jtl ; Untyped                ;
; CARRY_CHAIN            ; MANUAL         ; Untyped                ;
; OPTIMIZE_FOR_SPEED     ; 5              ; Untyped                ;
; AUTO_CARRY_CHAINS      ; ON             ; AUTO_CARRY             ;
; IGNORE_CARRY_BUFFERS   ; OFF            ; IGNORE_CARRY           ;
; AUTO_CASCADE_CHAINS    ; ON             ; AUTO_CASCADE           ;
; IGNORE_CASCADE_BUFFERS ; OFF            ; IGNORE_CASCADE         ;
+------------------------+----------------+------------------------+
Note: In order to hide this table in the UI and the text report file, please set the "Show Parameter Settings in Synthesis Report" option in "Analysis and Synthesis Settings -> More Settings" to "Off".


+------------------------------------------------------------------+
; Parameter Settings for Inferred Entity Instance: lpm_divide:Mod1 ;
+------------------------+----------------+------------------------+
; Parameter Name         ; Value          ; Type                   ;
+------------------------+----------------+------------------------+
; LPM_WIDTHN             ; 20             ; Untyped                ;
; LPM_WIDTHD             ; 4              ; Untyped                ;
; LPM_NREPRESENTATION    ; UNSIGNED       ; Untyped                ;
; LPM_DREPRESENTATION    ; UNSIGNED       ; Untyped                ;
; LPM_PIPELINE           ; 0              ; Untyped                ;
; LPM_REMAINDERPOSITIVE  ; TRUE           ; Untyped                ;
; MAXIMIZE_SPEED         ; 5              ; Untyped                ;
; CBXI_PARAMETER         ; lpm_divide_mll ; Untyped                ;
; CARRY_CHAIN            ; MANUAL         ; Untyped                ;
; OPTIMIZE_FOR_SPEED     ; 5              ; Untyped                ;
; AUTO_CARRY_CHAINS      ; ON             ; AUTO_CARRY             ;
; IGNORE_CARRY_BUFFERS   ; OFF            ; IGNORE_CARRY           ;
; AUTO_CASCADE_CHAINS    ; ON             ; AUTO_CASCADE           ;
; IGNORE_CASCADE_BUFFERS ; OFF            ; IGNORE_CASCADE         ;
+------------------------+----------------+------------------------+
Note: In order to hide this table in the UI and the text report file, please set the "Show Parameter Settings in Synthesis Report" option in "Analysis and Synthesis Settings -> More Settings" to "Off".


+------------------------------------------------------------------+
; Parameter Settings for Inferred Entity Instance: lpm_divide:Div1 ;
+------------------------+----------------+------------------------+
; Parameter Name         ; Value          ; Type                   ;
+------------------------+----------------+------------------------+
; LPM_WIDTHN             ; 20             ; Untyped                ;
; LPM_WIDTHD             ; 7              ; Untyped                ;
; LPM_NREPRESENTATION    ; UNSIGNED       ; Untyped                ;
; LPM_DREPRESENTATION    ; UNSIGNED       ; Untyped                ;
; LPM_PIPELINE           ; 0              ; Untyped                ;
; LPM_REMAINDERPOSITIVE  ; TRUE           ; Untyped                ;
; MAXIMIZE_SPEED         ; 5              ; Untyped                ;
; CBXI_PARAMETER         ; lpm_divide_ntl ; Untyped                ;
; CARRY_CHAIN            ; MANUAL         ; Untyped                ;
; OPTIMIZE_FOR_SPEED     ; 5              ; Untyped                ;
; AUTO_CARRY_CHAINS      ; ON             ; AUTO_CARRY             ;
; IGNORE_CARRY_BUFFERS   ; OFF            ; IGNORE_CARRY           ;
; AUTO_CASCADE_CHAINS    ; ON             ; AUTO_CASCADE           ;
; IGNORE_CASCADE_BUFFERS ; OFF            ; IGNORE_CASCADE         ;
+------------------------+----------------+------------------------+
Note: In order to hide this table in the UI and the text report file, please set the "Show Parameter Settings in Synthesis Report" option in "Analysis and Synthesis Settings -> More Settings" to "Off".


+------------------------------------------------------------------+
; Parameter Settings for Inferred Entity Instance: lpm_divide:Mod2 ;
+------------------------+----------------+------------------------+
; Parameter Name         ; Value          ; Type                   ;
+------------------------+----------------+------------------------+
; LPM_WIDTHN             ; 20             ; Untyped                ;
; LPM_WIDTHD             ; 4              ; Untyped                ;
; LPM_NREPRESENTATION    ; UNSIGNED       ; Untyped                ;
; LPM_DREPRESENTATION    ; UNSIGNED       ; Untyped                ;
; LPM_PIPELINE           ; 0              ; Untyped                ;
; LPM_REMAINDERPOSITIVE  ; TRUE           ; Untyped                ;
; MAXIMIZE_SPEED         ; 5              ; Untyped                ;
; CBXI_PARAMETER         ; lpm_divide_mll ; Untyped                ;
; CARRY_CHAIN            ; MANUAL         ; Untyped                ;
; OPTIMIZE_FOR_SPEED     ; 5              ; Untyped                ;
; AUTO_CARRY_CHAINS      ; ON             ; AUTO_CARRY             ;
; IGNORE_CARRY_BUFFERS   ; OFF            ; IGNORE_CARRY           ;
; AUTO_CASCADE_CHAINS    ; ON             ; AUTO_CASCADE           ;
; IGNORE_CASCADE_BUFFERS ; OFF            ; IGNORE_CASCADE         ;
+------------------------+----------------+------------------------+
Note: In order to hide this table in the UI and the text report file, please set the "Show Parameter Settings in Synthesis Report" option in "Analysis and Synthesis Settings -> More Settings" to "Off".


+------------------------------------------------------------------+
; Parameter Settings for Inferred Entity Instance: lpm_divide:Div2 ;
+------------------------+----------------+------------------------+
; Parameter Name         ; Value          ; Type                   ;
+------------------------+----------------+------------------------+
; LPM_WIDTHN             ; 20             ; Untyped                ;
; LPM_WIDTHD             ; 10             ; Untyped                ;
; LPM_NREPRESENTATION    ; UNSIGNED       ; Untyped                ;
; LPM_DREPRESENTATION    ; UNSIGNED       ; Untyped                ;
; LPM_PIPELINE           ; 0              ; Untyped                ;
; LPM_REMAINDERPOSITIVE  ; TRUE           ; Untyped                ;
; MAXIMIZE_SPEED         ; 5              ; Untyped                ;
; CBXI_PARAMETER         ; lpm_divide_0vl ; Untyped                ;
; CARRY_CHAIN            ; MANUAL         ; Untyped                ;
; OPTIMIZE_FOR_SPEED     ; 5              ; Untyped                ;
; AUTO_CARRY_CHAINS      ; ON             ; AUTO_CARRY             ;
; IGNORE_CARRY_BUFFERS   ; OFF            ; IGNORE_CARRY           ;
; AUTO_CASCADE_CHAINS    ; ON             ; AUTO_CASCADE           ;
; IGNORE_CASCADE_BUFFERS ; OFF            ; IGNORE_CASCADE         ;
+------------------------+----------------+------------------------+
Note: In order to hide this table in the UI and the text report file, please set the "Show Parameter Settings in Synthesis Report" option in "Analysis and Synthesis Settings -> More Settings" to "Off".


+------------------------------------------------------------------+
; Parameter Settings for Inferred Entity Instance: lpm_divide:Mod3 ;
+------------------------+----------------+------------------------+
; Parameter Name         ; Value          ; Type                   ;
+------------------------+----------------+------------------------+
; LPM_WIDTHN             ; 20             ; Untyped                ;
; LPM_WIDTHD             ; 4              ; Untyped                ;
; LPM_NREPRESENTATION    ; UNSIGNED       ; Untyped                ;
; LPM_DREPRESENTATION    ; UNSIGNED       ; Untyped                ;
; LPM_PIPELINE           ; 0              ; Untyped                ;
; LPM_REMAINDERPOSITIVE  ; TRUE           ; Untyped                ;
; MAXIMIZE_SPEED         ; 5              ; Untyped                ;
; CBXI_PARAMETER         ; lpm_divide_mll ; Untyped                ;
; CARRY_CHAIN            ; MANUAL         ; Untyped                ;
; OPTIMIZE_FOR_SPEED     ; 5              ; Untyped                ;
; AUTO_CARRY_CHAINS      ; ON             ; AUTO_CARRY             ;
; IGNORE_CARRY_BUFFERS   ; OFF            ; IGNORE_CARRY           ;
; AUTO_CASCADE_CHAINS    ; ON             ; AUTO_CASCADE           ;
; IGNORE_CASCADE_BUFFERS ; OFF            ; IGNORE_CASCADE         ;
+------------------------+----------------+------------------------+
Note: In order to hide this table in the UI and the text report file, please set the "Show Parameter Settings in Synthesis Report" option in "Analysis and Synthesis Settings -> More Settings" to "Off".


+---------------------------------------------------------------------------------+
; Parameter Settings for Inferred Entity Instance: lpm_mult:Mult0                 ;
+------------------------------------------------+----------+---------------------+
; Parameter Name                                 ; Value    ; Type                ;
+------------------------------------------------+----------+---------------------+
; AUTO_CARRY_CHAINS                              ; ON       ; AUTO_CARRY          ;
; IGNORE_CARRY_BUFFERS                           ; OFF      ; IGNORE_CARRY        ;
; AUTO_CASCADE_CHAINS                            ; ON       ; AUTO_CASCADE        ;
; IGNORE_CASCADE_BUFFERS                         ; OFF      ; IGNORE_CASCADE      ;
; LPM_WIDTHA                                     ; 20       ; Untyped             ;
; LPM_WIDTHB                                     ; 10       ; Untyped             ;
; LPM_WIDTHP                                     ; 30       ; Untyped             ;
; LPM_WIDTHR                                     ; 30       ; Untyped             ;
; LPM_WIDTHS                                     ; 1        ; Untyped             ;
; LPM_REPRESENTATION                             ; UNSIGNED ; Untyped             ;
; LPM_PIPELINE                                   ; 0        ; Untyped             ;
; LATENCY                                        ; 0        ; Untyped             ;
; INPUT_A_IS_CONSTANT                            ; NO       ; Untyped             ;
; INPUT_B_IS_CONSTANT                            ; NO       ; Untyped             ;
; USE_EAB                                        ; OFF      ; Untyped             ;
; MAXIMIZE_SPEED                                 ; 5        ; Untyped             ;
; DEVICE_FAMILY                                  ; MAX 10   ; Untyped             ;
; CARRY_CHAIN                                    ; MANUAL   ; Untyped             ;
; APEX20K_TECHNOLOGY_MAPPER                      ; LUT      ; TECH_MAPPER_APEX20K ;
; DEDICATED_MULTIPLIER_CIRCUITRY                 ; AUTO     ; Untyped             ;
; DEDICATED_MULTIPLIER_MIN_INPUT_WIDTH_FOR_AUTO  ; 0        ; Untyped             ;
; DEDICATED_MULTIPLIER_MIN_OUTPUT_WIDTH_FOR_AUTO ; 0        ; Untyped             ;
; CBXI_PARAMETER                                 ; mult_fns ; Untyped             ;
; INPUT_A_FIXED_VALUE                            ; Bx       ; Untyped             ;
; INPUT_B_FIXED_VALUE                            ; Bx       ; Untyped             ;
; USE_AHDL_IMPLEMENTATION                        ; OFF      ; Untyped             ;
+------------------------------------------------+----------+---------------------+
Note: In order to hide this table in the UI and the text report file, please set the "Show Parameter Settings in Synthesis Report" option in "Analysis and Synthesis Settings -> More Settings" to "Off".


+--------------------------------------------------------+
; lpm_mult Parameter Settings by Entity Instance         ;
+---------------------------------------+----------------+
; Name                                  ; Value          ;
+---------------------------------------+----------------+
; Number of entity instances            ; 1              ;
; Entity Instance                       ; lpm_mult:Mult0 ;
;     -- LPM_WIDTHA                     ; 20             ;
;     -- LPM_WIDTHB                     ; 10             ;
;     -- LPM_WIDTHP                     ; 30             ;
;     -- LPM_REPRESENTATION             ; UNSIGNED       ;
;     -- INPUT_A_IS_CONSTANT            ; NO             ;
;     -- INPUT_B_IS_CONSTANT            ; NO             ;
;     -- USE_EAB                        ; OFF            ;
;     -- DEDICATED_MULTIPLIER_CIRCUITRY ; AUTO           ;
;     -- INPUT_A_FIXED_VALUE            ; Bx             ;
;     -- INPUT_B_FIXED_VALUE            ; Bx             ;
+---------------------------------------+----------------+


+-----------------------------------------------------+
; Post-Synthesis Netlist Statistics for Top Partition ;
+-----------------------+-----------------------------+
; Type                  ; Count                       ;
+-----------------------+-----------------------------+
; boundary_port         ; 47                          ;
; cycloneiii_ff         ; 21                          ;
;     CLR               ; 1                           ;
;     CLR SCLR          ; 10                          ;
;     CLR SLD           ; 10                          ;
; cycloneiii_lcell_comb ; 1540                        ;
;     arith             ; 437                         ;
;         1 data inputs ; 3                           ;
;         2 data inputs ; 27                          ;
;         3 data inputs ; 407                         ;
;     normal            ; 1103                        ;
;         0 data inputs ; 93                          ;
;         1 data inputs ; 34                          ;
;         2 data inputs ; 658                         ;
;         3 data inputs ; 4                           ;
;         4 data inputs ; 314                         ;
; cycloneiii_mac_mult   ; 2                           ;
; cycloneiii_mac_out    ; 2                           ;
;                       ;                             ;
; Max LUT depth         ; 43.70                       ;
; Average LUT depth     ; 37.11                       ;
+-----------------------+-----------------------------+


+-------------------------------+
; Elapsed Time Per Partition    ;
+----------------+--------------+
; Partition Name ; Elapsed Time ;
+----------------+--------------+
; Top            ; 00:00:01     ;
+----------------+--------------+


+-------------------------------+
; Analysis & Synthesis Messages ;
+-------------------------------+
Info: *******************************************************************
Info: Running Quartus Prime Analysis & Synthesis
    Info: Version 23.1std.1 Build 993 05/14/2024 SC Lite Edition
    Info: Processing started: Sun Jan 26 11:45:44 2025
Info: Command: quartus_map --read_settings_files=on --write_settings_files=off Lab1 -c Lab1
Warning (18236): Number of processors has not been specified which may cause overloading on shared machines.  Set the global assignment NUM_PARALLEL_PROCESSORS in your QSF to an appropriate value for best performance.
Info (20030): Parallel compilation is enabled and will use 4 of the 4 processors detected
Info (12021): Found 1 design units, including 1 entities, in source file de10_lite_golden_top.v
    Info (12023): Found entity 1: DE10_LITE_Golden_Top File: C:/Users/goeva/Downloads/University/EECS3216/Labs/Lab 1/DE10_LITE_Golden_Top.v Line: 29
Info (12021): Found 1 design units, including 1 entities, in source file lab1.v
    Info (12023): Found entity 1: Lab1 File: C:/Users/goeva/Downloads/University/EECS3216/Labs/Lab 1/Lab1.v Line: 252
Info (12127): Elaborating entity "Lab1" for the top level hierarchy
Info (278001): Inferred 8 megafunctions from design logic
    Info (278004): Inferred divider/modulo megafunction ("lpm_divide") from the following logic: "Mod0" File: C:/Users/goeva/Downloads/University/EECS3216/Labs/Lab 1/Lab1.v Line: 300
    Info (278004): Inferred divider/modulo megafunction ("lpm_divide") from the following logic: "Div0" File: C:/Users/goeva/Downloads/University/EECS3216/Labs/Lab 1/Lab1.v Line: 315
    Info (278004): Inferred divider/modulo megafunction ("lpm_divide") from the following logic: "Mod1" File: C:/Users/goeva/Downloads/University/EECS3216/Labs/Lab 1/Lab1.v Line: 315
    Info (278004): Inferred divider/modulo megafunction ("lpm_divide") from the following logic: "Div1" File: C:/Users/goeva/Downloads/University/EECS3216/Labs/Lab 1/Lab1.v Line: 330
    Info (278004): Inferred divider/modulo megafunction ("lpm_divide") from the following logic: "Mod2" File: C:/Users/goeva/Downloads/University/EECS3216/Labs/Lab 1/Lab1.v Line: 330
    Info (278004): Inferred divider/modulo megafunction ("lpm_divide") from the following logic: "Div2" File: C:/Users/goeva/Downloads/University/EECS3216/Labs/Lab 1/Lab1.v Line: 345
    Info (278004): Inferred divider/modulo megafunction ("lpm_divide") from the following logic: "Mod3" File: C:/Users/goeva/Downloads/University/EECS3216/Labs/Lab 1/Lab1.v Line: 345
    Info (278003): Inferred multiplier megafunction ("lpm_mult") from the following logic: "Mult0" File: C:/Users/goeva/Downloads/University/EECS3216/Labs/Lab 1/Lab1.v Line: 284
Info (12130): Elaborated megafunction instantiation "lpm_divide:Mod0" File: C:/Users/goeva/Downloads/University/EECS3216/Labs/Lab 1/Lab1.v Line: 300
Info (12133): Instantiated megafunction "lpm_divide:Mod0" with the following parameter: File: C:/Users/goeva/Downloads/University/EECS3216/Labs/Lab 1/Lab1.v Line: 300
    Info (12134): Parameter "LPM_WIDTHN" = "20"
    Info (12134): Parameter "LPM_WIDTHD" = "4"
    Info (12134): Parameter "LPM_NREPRESENTATION" = "UNSIGNED"
    Info (12134): Parameter "LPM_DREPRESENTATION" = "UNSIGNED"
Info (12021): Found 1 design units, including 1 entities, in source file db/lpm_divide_mll.tdf
    Info (12023): Found entity 1: lpm_divide_mll File: C:/Users/goeva/Downloads/University/EECS3216/Labs/Lab 1/db/lpm_divide_mll.tdf Line: 25
Info (12021): Found 1 design units, including 1 entities, in source file db/sign_div_unsign_llh.tdf
    Info (12023): Found entity 1: sign_div_unsign_llh File: C:/Users/goeva/Downloads/University/EECS3216/Labs/Lab 1/db/sign_div_unsign_llh.tdf Line: 25
Info (12021): Found 1 design units, including 1 entities, in source file db/alt_u_div_khe.tdf
    Info (12023): Found entity 1: alt_u_div_khe File: C:/Users/goeva/Downloads/University/EECS3216/Labs/Lab 1/db/alt_u_div_khe.tdf Line: 27
Info (12021): Found 1 design units, including 1 entities, in source file db/add_sub_t3c.tdf
    Info (12023): Found entity 1: add_sub_t3c File: C:/Users/goeva/Downloads/University/EECS3216/Labs/Lab 1/db/add_sub_t3c.tdf Line: 23
Info (12021): Found 1 design units, including 1 entities, in source file db/add_sub_u3c.tdf
    Info (12023): Found entity 1: add_sub_u3c File: C:/Users/goeva/Downloads/University/EECS3216/Labs/Lab 1/db/add_sub_u3c.tdf Line: 23
Info (12130): Elaborated megafunction instantiation "lpm_divide:Div0" File: C:/Users/goeva/Downloads/University/EECS3216/Labs/Lab 1/Lab1.v Line: 315
Info (12133): Instantiated megafunction "lpm_divide:Div0" with the following parameter: File: C:/Users/goeva/Downloads/University/EECS3216/Labs/Lab 1/Lab1.v Line: 315
    Info (12134): Parameter "LPM_WIDTHN" = "20"
    Info (12134): Parameter "LPM_WIDTHD" = "4"
    Info (12134): Parameter "LPM_NREPRESENTATION" = "UNSIGNED"
    Info (12134): Parameter "LPM_DREPRESENTATION" = "UNSIGNED"
Info (12021): Found 1 design units, including 1 entities, in source file db/lpm_divide_jtl.tdf
    Info (12023): Found entity 1: lpm_divide_jtl File: C:/Users/goeva/Downloads/University/EECS3216/Labs/Lab 1/db/lpm_divide_jtl.tdf Line: 25
Info (12130): Elaborated megafunction instantiation "lpm_divide:Div1" File: C:/Users/goeva/Downloads/University/EECS3216/Labs/Lab 1/Lab1.v Line: 330
Info (12133): Instantiated megafunction "lpm_divide:Div1" with the following parameter: File: C:/Users/goeva/Downloads/University/EECS3216/Labs/Lab 1/Lab1.v Line: 330
    Info (12134): Parameter "LPM_WIDTHN" = "20"
    Info (12134): Parameter "LPM_WIDTHD" = "7"
    Info (12134): Parameter "LPM_NREPRESENTATION" = "UNSIGNED"
    Info (12134): Parameter "LPM_DREPRESENTATION" = "UNSIGNED"
Info (12021): Found 1 design units, including 1 entities, in source file db/lpm_divide_ntl.tdf
    Info (12023): Found entity 1: lpm_divide_ntl File: C:/Users/goeva/Downloads/University/EECS3216/Labs/Lab 1/db/lpm_divide_ntl.tdf Line: 25
Info (12021): Found 1 design units, including 1 entities, in source file db/sign_div_unsign_plh.tdf
    Info (12023): Found entity 1: sign_div_unsign_plh File: C:/Users/goeva/Downloads/University/EECS3216/Labs/Lab 1/db/sign_div_unsign_plh.tdf Line: 25
Info (12021): Found 1 design units, including 1 entities, in source file db/alt_u_div_rhe.tdf
    Info (12023): Found entity 1: alt_u_div_rhe File: C:/Users/goeva/Downloads/University/EECS3216/Labs/Lab 1/db/alt_u_div_rhe.tdf Line: 27
Info (12130): Elaborated megafunction instantiation "lpm_divide:Div2" File: C:/Users/goeva/Downloads/University/EECS3216/Labs/Lab 1/Lab1.v Line: 345
Info (12133): Instantiated megafunction "lpm_divide:Div2" with the following parameter: File: C:/Users/goeva/Downloads/University/EECS3216/Labs/Lab 1/Lab1.v Line: 345
    Info (12134): Parameter "LPM_WIDTHN" = "20"
    Info (12134): Parameter "LPM_WIDTHD" = "10"
    Info (12134): Parameter "LPM_NREPRESENTATION" = "UNSIGNED"
    Info (12134): Parameter "LPM_DREPRESENTATION" = "UNSIGNED"
Info (12021): Found 1 design units, including 1 entities, in source file db/lpm_divide_0vl.tdf
    Info (12023): Found entity 1: lpm_divide_0vl File: C:/Users/goeva/Downloads/University/EECS3216/Labs/Lab 1/db/lpm_divide_0vl.tdf Line: 25
Info (12021): Found 1 design units, including 1 entities, in source file db/sign_div_unsign_2nh.tdf
    Info (12023): Found entity 1: sign_div_unsign_2nh File: C:/Users/goeva/Downloads/University/EECS3216/Labs/Lab 1/db/sign_div_unsign_2nh.tdf Line: 25
Info (12021): Found 1 design units, including 1 entities, in source file db/alt_u_div_eke.tdf
    Info (12023): Found entity 1: alt_u_div_eke File: C:/Users/goeva/Downloads/University/EECS3216/Labs/Lab 1/db/alt_u_div_eke.tdf Line: 27
Info (12130): Elaborated megafunction instantiation "lpm_mult:Mult0" File: C:/Users/goeva/Downloads/University/EECS3216/Labs/Lab 1/Lab1.v Line: 284
Info (12133): Instantiated megafunction "lpm_mult:Mult0" with the following parameter: File: C:/Users/goeva/Downloads/University/EECS3216/Labs/Lab 1/Lab1.v Line: 284
    Info (12134): Parameter "LPM_WIDTHA" = "20"
    Info (12134): Parameter "LPM_WIDTHB" = "10"
    Info (12134): Parameter "LPM_WIDTHP" = "30"
    Info (12134): Parameter "LPM_WIDTHR" = "30"
    Info (12134): Parameter "LPM_WIDTHS" = "1"
    Info (12134): Parameter "LPM_REPRESENTATION" = "UNSIGNED"
    Info (12134): Parameter "INPUT_A_IS_CONSTANT" = "NO"
    Info (12134): Parameter "INPUT_B_IS_CONSTANT" = "NO"
    Info (12134): Parameter "MAXIMIZE_SPEED" = "5"
Info (12021): Found 1 design units, including 1 entities, in source file db/mult_fns.tdf
    Info (12023): Found entity 1: mult_fns File: C:/Users/goeva/Downloads/University/EECS3216/Labs/Lab 1/db/mult_fns.tdf Line: 31
Info (13014): Ignored 6 buffer(s)
    Info (13019): Ignored 6 SOFT buffer(s)
Warning (13024): Output pins are stuck at VCC or GND
    Warning (13410): Pin "HEX5[1]" is stuck at VCC File: C:/Users/goeva/Downloads/University/EECS3216/Labs/Lab 1/Lab1.v Line: 261
    Warning (13410): Pin "HEX5[2]" is stuck at VCC File: C:/Users/goeva/Downloads/University/EECS3216/Labs/Lab 1/Lab1.v Line: 261
Info (286030): Timing-Driven Synthesis is running
Info (17016): Found the following redundant logic cells in design
    Info (17048): Logic cell "lpm_divide:Mod1|lpm_divide_mll:auto_generated|sign_div_unsign_llh:divider|alt_u_div_khe:divider|add_sub_19_result_int[0]~0" File: C:/Users/goeva/Downloads/University/EECS3216/Labs/Lab 1/db/alt_u_div_khe.tdf Line: 82
    Info (17048): Logic cell "lpm_divide:Mod1|lpm_divide_mll:auto_generated|sign_div_unsign_llh:divider|alt_u_div_khe:divider|add_sub_6_result_int[0]~10" File: C:/Users/goeva/Downloads/University/EECS3216/Labs/Lab 1/db/alt_u_div_khe.tdf Line: 107
    Info (17048): Logic cell "lpm_divide:Mod1|lpm_divide_mll:auto_generated|sign_div_unsign_llh:divider|alt_u_div_khe:divider|add_sub_7_result_int[0]~10" File: C:/Users/goeva/Downloads/University/EECS3216/Labs/Lab 1/db/alt_u_div_khe.tdf Line: 112
    Info (17048): Logic cell "lpm_divide:Mod1|lpm_divide_mll:auto_generated|sign_div_unsign_llh:divider|alt_u_div_khe:divider|add_sub_8_result_int[0]~10" File: C:/Users/goeva/Downloads/University/EECS3216/Labs/Lab 1/db/alt_u_div_khe.tdf Line: 117
    Info (17048): Logic cell "lpm_divide:Mod1|lpm_divide_mll:auto_generated|sign_div_unsign_llh:divider|alt_u_div_khe:divider|add_sub_9_result_int[0]~10" File: C:/Users/goeva/Downloads/University/EECS3216/Labs/Lab 1/db/alt_u_div_khe.tdf Line: 122
    Info (17048): Logic cell "lpm_divide:Mod1|lpm_divide_mll:auto_generated|sign_div_unsign_llh:divider|alt_u_div_khe:divider|add_sub_10_result_int[0]~10" File: C:/Users/goeva/Downloads/University/EECS3216/Labs/Lab 1/db/alt_u_div_khe.tdf Line: 37
    Info (17048): Logic cell "lpm_divide:Mod1|lpm_divide_mll:auto_generated|sign_div_unsign_llh:divider|alt_u_div_khe:divider|add_sub_11_result_int[0]~10" File: C:/Users/goeva/Downloads/University/EECS3216/Labs/Lab 1/db/alt_u_div_khe.tdf Line: 42
    Info (17048): Logic cell "lpm_divide:Mod1|lpm_divide_mll:auto_generated|sign_div_unsign_llh:divider|alt_u_div_khe:divider|add_sub_12_result_int[0]~10" File: C:/Users/goeva/Downloads/University/EECS3216/Labs/Lab 1/db/alt_u_div_khe.tdf Line: 47
    Info (17048): Logic cell "lpm_divide:Mod1|lpm_divide_mll:auto_generated|sign_div_unsign_llh:divider|alt_u_div_khe:divider|add_sub_13_result_int[0]~10" File: C:/Users/goeva/Downloads/University/EECS3216/Labs/Lab 1/db/alt_u_div_khe.tdf Line: 52
    Info (17048): Logic cell "lpm_divide:Mod1|lpm_divide_mll:auto_generated|sign_div_unsign_llh:divider|alt_u_div_khe:divider|add_sub_14_result_int[0]~10" File: C:/Users/goeva/Downloads/University/EECS3216/Labs/Lab 1/db/alt_u_div_khe.tdf Line: 57
    Info (17048): Logic cell "lpm_divide:Mod1|lpm_divide_mll:auto_generated|sign_div_unsign_llh:divider|alt_u_div_khe:divider|add_sub_15_result_int[0]~10" File: C:/Users/goeva/Downloads/University/EECS3216/Labs/Lab 1/db/alt_u_div_khe.tdf Line: 62
    Info (17048): Logic cell "lpm_divide:Mod1|lpm_divide_mll:auto_generated|sign_div_unsign_llh:divider|alt_u_div_khe:divider|add_sub_16_result_int[0]~10" File: C:/Users/goeva/Downloads/University/EECS3216/Labs/Lab 1/db/alt_u_div_khe.tdf Line: 67
    Info (17048): Logic cell "lpm_divide:Mod1|lpm_divide_mll:auto_generated|sign_div_unsign_llh:divider|alt_u_div_khe:divider|add_sub_17_result_int[0]~10" File: C:/Users/goeva/Downloads/University/EECS3216/Labs/Lab 1/db/alt_u_div_khe.tdf Line: 72
    Info (17048): Logic cell "lpm_divide:Mod1|lpm_divide_mll:auto_generated|sign_div_unsign_llh:divider|alt_u_div_khe:divider|add_sub_18_result_int[0]~10" File: C:/Users/goeva/Downloads/University/EECS3216/Labs/Lab 1/db/alt_u_div_khe.tdf Line: 77
    Info (17048): Logic cell "lpm_divide:Mod2|lpm_divide_mll:auto_generated|sign_div_unsign_llh:divider|alt_u_div_khe:divider|add_sub_19_result_int[0]~0" File: C:/Users/goeva/Downloads/University/EECS3216/Labs/Lab 1/db/alt_u_div_khe.tdf Line: 82
    Info (17048): Logic cell "lpm_divide:Mod2|lpm_divide_mll:auto_generated|sign_div_unsign_llh:divider|alt_u_div_khe:divider|add_sub_9_result_int[0]~10" File: C:/Users/goeva/Downloads/University/EECS3216/Labs/Lab 1/db/alt_u_div_khe.tdf Line: 122
    Info (17048): Logic cell "lpm_divide:Mod2|lpm_divide_mll:auto_generated|sign_div_unsign_llh:divider|alt_u_div_khe:divider|add_sub_10_result_int[0]~10" File: C:/Users/goeva/Downloads/University/EECS3216/Labs/Lab 1/db/alt_u_div_khe.tdf Line: 37
    Info (17048): Logic cell "lpm_divide:Mod2|lpm_divide_mll:auto_generated|sign_div_unsign_llh:divider|alt_u_div_khe:divider|add_sub_11_result_int[0]~10" File: C:/Users/goeva/Downloads/University/EECS3216/Labs/Lab 1/db/alt_u_div_khe.tdf Line: 42
    Info (17048): Logic cell "lpm_divide:Mod2|lpm_divide_mll:auto_generated|sign_div_unsign_llh:divider|alt_u_div_khe:divider|add_sub_12_result_int[0]~10" File: C:/Users/goeva/Downloads/University/EECS3216/Labs/Lab 1/db/alt_u_div_khe.tdf Line: 47
    Info (17048): Logic cell "lpm_divide:Mod2|lpm_divide_mll:auto_generated|sign_div_unsign_llh:divider|alt_u_div_khe:divider|add_sub_13_result_int[0]~10" File: C:/Users/goeva/Downloads/University/EECS3216/Labs/Lab 1/db/alt_u_div_khe.tdf Line: 52
    Info (17048): Logic cell "lpm_divide:Mod2|lpm_divide_mll:auto_generated|sign_div_unsign_llh:divider|alt_u_div_khe:divider|add_sub_14_result_int[0]~10" File: C:/Users/goeva/Downloads/University/EECS3216/Labs/Lab 1/db/alt_u_div_khe.tdf Line: 57
    Info (17048): Logic cell "lpm_divide:Mod2|lpm_divide_mll:auto_generated|sign_div_unsign_llh:divider|alt_u_div_khe:divider|add_sub_15_result_int[0]~10" File: C:/Users/goeva/Downloads/University/EECS3216/Labs/Lab 1/db/alt_u_div_khe.tdf Line: 62
    Info (17048): Logic cell "lpm_divide:Mod2|lpm_divide_mll:auto_generated|sign_div_unsign_llh:divider|alt_u_div_khe:divider|add_sub_16_result_int[0]~10" File: C:/Users/goeva/Downloads/University/EECS3216/Labs/Lab 1/db/alt_u_div_khe.tdf Line: 67
    Info (17048): Logic cell "lpm_divide:Mod2|lpm_divide_mll:auto_generated|sign_div_unsign_llh:divider|alt_u_div_khe:divider|add_sub_17_result_int[0]~10" File: C:/Users/goeva/Downloads/University/EECS3216/Labs/Lab 1/db/alt_u_div_khe.tdf Line: 72
    Info (17048): Logic cell "lpm_divide:Mod2|lpm_divide_mll:auto_generated|sign_div_unsign_llh:divider|alt_u_div_khe:divider|add_sub_18_result_int[0]~10" File: C:/Users/goeva/Downloads/University/EECS3216/Labs/Lab 1/db/alt_u_div_khe.tdf Line: 77
    Info (17048): Logic cell "lpm_divide:Mod3|lpm_divide_mll:auto_generated|sign_div_unsign_llh:divider|alt_u_div_khe:divider|add_sub_19_result_int[0]~0" File: C:/Users/goeva/Downloads/University/EECS3216/Labs/Lab 1/db/alt_u_div_khe.tdf Line: 82
    Info (17048): Logic cell "lpm_divide:Mod3|lpm_divide_mll:auto_generated|sign_div_unsign_llh:divider|alt_u_div_khe:divider|add_sub_12_result_int[0]~10" File: C:/Users/goeva/Downloads/University/EECS3216/Labs/Lab 1/db/alt_u_div_khe.tdf Line: 47
    Info (17048): Logic cell "lpm_divide:Mod3|lpm_divide_mll:auto_generated|sign_div_unsign_llh:divider|alt_u_div_khe:divider|add_sub_13_result_int[0]~10" File: C:/Users/goeva/Downloads/University/EECS3216/Labs/Lab 1/db/alt_u_div_khe.tdf Line: 52
    Info (17048): Logic cell "lpm_divide:Mod3|lpm_divide_mll:auto_generated|sign_div_unsign_llh:divider|alt_u_div_khe:divider|add_sub_14_result_int[0]~10" File: C:/Users/goeva/Downloads/University/EECS3216/Labs/Lab 1/db/alt_u_div_khe.tdf Line: 57
    Info (17048): Logic cell "lpm_divide:Mod3|lpm_divide_mll:auto_generated|sign_div_unsign_llh:divider|alt_u_div_khe:divider|add_sub_15_result_int[0]~10" File: C:/Users/goeva/Downloads/University/EECS3216/Labs/Lab 1/db/alt_u_div_khe.tdf Line: 62
    Info (17048): Logic cell "lpm_divide:Mod3|lpm_divide_mll:auto_generated|sign_div_unsign_llh:divider|alt_u_div_khe:divider|add_sub_16_result_int[0]~10" File: C:/Users/goeva/Downloads/University/EECS3216/Labs/Lab 1/db/alt_u_div_khe.tdf Line: 67
    Info (17048): Logic cell "lpm_divide:Mod3|lpm_divide_mll:auto_generated|sign_div_unsign_llh:divider|alt_u_div_khe:divider|add_sub_17_result_int[0]~10" File: C:/Users/goeva/Downloads/University/EECS3216/Labs/Lab 1/db/alt_u_div_khe.tdf Line: 72
    Info (17048): Logic cell "lpm_divide:Mod3|lpm_divide_mll:auto_generated|sign_div_unsign_llh:divider|alt_u_div_khe:divider|add_sub_18_result_int[0]~10" File: C:/Users/goeva/Downloads/University/EECS3216/Labs/Lab 1/db/alt_u_div_khe.tdf Line: 77
Info (16010): Generating hard_block partition "hard_block:auto_generated_inst"
    Info (16011): Adding 0 node(s), including 0 DDIO, 0 PLL, 0 transceiver and 0 LCELL
Info (21057): Implemented 1608 device resources after synthesis - the final resource count might be different
    Info (21058): Implemented 12 input pins
    Info (21059): Implemented 35 output pins
    Info (21061): Implemented 1557 logic cells
    Info (21062): Implemented 4 DSP elements
Info: Quartus Prime Analysis & Synthesis was successful. 0 errors, 4 warnings
    Info: Peak virtual memory: 4803 megabytes
    Info: Processing ended: Sun Jan 26 11:45:59 2025
    Info: Elapsed time: 00:00:15
    Info: Total CPU time (on all processors): 00:00:27


